#
# There is insufficient memory for the Java Runtime Environment to continue.
# Native memory allocation (mmap) failed to map 574619648 bytes. Error detail: G1 virtual space
# Possible reasons:
#   The system is out of physical RAM or swap space
#   This process is running with CompressedOops enabled, and the Java Heap may be blocking the growth of the native heap
# Possible solutions:
#   Reduce memory load on the system
#   Increase physical memory or swap space
#   Check if swap backing store is full
#   Decrease Java heap size (-Xmx/-Xms)
#   Decrease number of Java threads
#   Decrease Java thread stack sizes (-Xss)
#   Set larger code cache with -XX:ReservedCodeCacheSize=
#   JVM is running with Zero Based Compressed Oops mode in which the Java heap is
#     placed in the first 32GB address space. The Java Heap base address is the
#     maximum limit for the native heap growth. Please use -XX:HeapBaseMinAddress
#     to set the Java Heap base and to place the Java Heap above 32GB virtual address.
# This output file may be truncated or incomplete.
#
#  Out of Memory Error (os_windows.cpp:3630), pid=5956, tid=656
#
# JRE version: OpenJDK Runtime Environment Temurin-17.0.20+8 (17.0.20+8) (build 17.0.20+8)
# Java VM: OpenJDK 64-Bit Server VM Temurin-17.0.20+8 (17.0.20+8, mixed mode, sharing, tiered, compressed oops, compressed class ptrs, g1 gc, windows-amd64)
# No core dump will be written. Minidumps are not enabled by default on client versions of Windows
#

---------------  S U M M A R Y ------------

Command Line: -Dfile.encoding=UTF-8 -Dstdout.encoding=UTF-8 -Dstderr.encoding=UTF-8 -XX:+ShowCodeDetailsInExceptionMessages swgohManager.SwgohApplication

Host: Intel(R) Core(TM) i7-2600K CPU @ 3.40GHz, 8 cores, 15G,  Windows 10 , 64 bit Build 19041 (10.0.19041.5915)
Time: Fri Aug 21 20:21:59 2026 Paris, Madrid (heure duild 19041 (10.0.19041.5915) elapsed time: 657.979873 seconds (0d 0h 10m 57s)

---------------  T H R E A D  ---------------

Current thread (0x0000021d352813e0):  VMThread "VM Thread" [stack: 0x0000003097f00000,0x0000003098000000] [id=656]

Stack: [0x0000003097f00000,0x0000003098000000]
Native frames: (J=compiled Java code, j=interpreted, Vv=VM code, C=native code)
V  [jvm.dll+0x684d39]
V  [jvm.dll+0x83a565]
V  [jvm.dll+0x83bfde]
V  [jvm.dll+0x83c663]
V  [jvm.dll+0x2490cf]
V  [jvm.dll+0x681af9]
V  [jvm.dll+0x6768ba]
V  [jvm.dll+0x309467]
V  [jvm.dll+0x310a56]
V  [jvm.dll+0x360f3e]
V  [jvm.dll+0x36117d]
V  [jvm.dll+0x2e04ec]
V  [jvm.dll+0x2de8c2]
V  [jvm.dll+0x2de05c]
V  [jvm.dll+0x321081]
V  [jvm.dll+0x840e7d]
V  [jvm.dll+0x841bb3]
V  [jvm.dll+0x8420df]
V  [jvm.dll+0x8424c5]
V  [jvm.dll+0x84258e]
V  [jvm.dll+0x7eb17c]
V  [jvm.dll+0x683c07]
C  [ucrtbase.dll+0x21bb2]
C  [KERNEL32.DLL+0x17374]
C  [ntdll.dll+0x4cc91]

VM_Operation (0x0000003098cfb360): G1TryInitiateConcMark, mode: safepoint, requested by thread 0x0000021d7c27f740


---------------  P R O C E S S  ---------------

Threads class SMR info:
_java_thread_list=0x0000021d7f31c370, length=53, elements={
0x0000021d35287f10, 0x0000021d35288b90, 0x0000021d353cdbf0, 0x0000021d353ce5b0,
0x0000021d353cef70, 0x0000021d353d7940, 0x0000021d353e1380, 0x0000021d354041a0,
0x0000021d35407f70, 0x0000021d35407550, 0x0000021d35406620, 0x0000021d35408ea0,
0x0000021d354093b0, 0x0000021d35406b30, 0x0000021d35405c00, 0x0000021d35407040,
0x0000021d7f3e5b30, 0x0000021d7f3e5620, 0x0000021d7f3e4c00, 0x0000021d7c2824d0,
0x0000021d7c27e810, 0x0000021d7c27cec0, 0x0000021d7c282ef0, 0x0000021d7c27bf90,
0x0000021d7c280670, 0x0000021d7c27f230, 0x0000021d7c280b80, 0x0000021d7c27d8e0,
0x0000021d7c27ddf0, 0x0000021d7c2815a0, 0x0000021d7c27e300, 0x0000021d7c281090,
0x0000021d7c283400, 0x0000021d7c27ed20, 0x0000021d7c27f740, 0x0000021d7c27fc50,
0x0000021d7c280160, 0x0000021d7c281fc0, 0x0000021d7c2829e0, 0x0000021d7c283910,
0x0000021d7c27c4a0, 0x0000021d7c27c9b0, 0x0000021d7c27d3d0, 0x0000021d7f3e5110,
0x0000021d7f3e32b0, 0x0000021d35407a60, 0x0000021d35408480, 0x0000021d7c7113e0,
0x0000021d7c7118f0, 0x0000021d7c712310, 0x0000021d7c712820, 0x0000021d7c7169f0,
0x0000021d7c712d30
}

Java Threads: ( => current thread )
  0x0000021d35287f10 JavaThread "Reference Handler" daemon [_thread_blocked, id=16896, stack(0x0000003098000000,0x0000003098100000)]
  0x0000021d35288b90 JavaThread "Finalizer" daemon [_thread_blocked, id=13228, stack(0x0000003098100000,0x0000003098200000)]
  0x0000021d353cdbf0 JavaThread "Signal Dispatcher" daemon [_thread_blocked, id=12944, stack(0x0000003098200000,0x0000003098300000)]
  0x0000021d353ce5b0 JavaThread "Attach Listener" daemon [_thread_blocked, id=20716, stack(0x0000003098300000,0x0000003098400000)]
  0x0000021d353cef70 JavaThread "Service Thread" daemon [_thread_blocked, id=8540, stack(0x0000003098400000,0x0000003098500000)]
  0x0000021d353d7940 JavaThread "Monitor Deflation Thread" daemon [_thread_blocked, id=16836, stack(0x0000003098500000,0x0000003098600000)]
  0x0000021d353e1380 JavaThread "C2 CompilerThread0" daemon [_thread_blocked, id=3908, stack(0x0000003098600000,0x0000003098700000)]
  0x0000021d354041a0 JavaThread "C1 CompilerThread0" daemon [_thread_blocked, id=3320, stack(0x0000003098700000,0x0000003098800000)]
  0x0000021d35407f70 JavaThread "Sweeper thread" daemon [_thread_blocked, id=6272, stack(0x0000003098800000,0x0000003098900000)]
  0x0000021d35407550 JavaThread "Notification Thread" daemon [_thread_blocked, id=18772, stack(0x0000003098900000,0x0000003098a00000)]
  0x0000021d35406620 JavaThread "Common-Cleaner" daemon [_thread_blocked, id=7848, stack(0x0000003098b00000,0x0000003098c00000)]
  0x0000021d35408ea0 JavaThread "Catalina-utility-1" [_thread_blocked, id=16856, stack(0x0000003099800000,0x0000003099900000)]
  0x0000021d354093b0 JavaThread "Catalina-utility-2" [_thread_blocked, id=13812, stack(0x0000003099900000,0x0000003099a00000)]
  0x0000021d35406b30 JavaThread "container-0" [_thread_blocked, id=4196, stack(0x0000003099a00000,0x0000003099b00000)]
  0x0000021d35405c00 JavaThread "PostgreSQL-JDBC-Cleaner" daemon [_thread_blocked, id=9132, stack(0x0000003099c00000,0x0000003099d00000)]
  0x0000021d35407040 JavaThread "HikariPool-1 housekeeper" daemon [_thread_blocked, id=2156, stack(0x0000003099d00000,0x0000003099e00000)]
  0x0000021d7f3e5b30 JavaThread "boundedElastic-evictor-1" daemon [_thread_blocked, id=18808, stack(0x0000003099500000,0x0000003099600000)]
  0x0000021d7f3e5620 JavaThread "HttpClient-1-SelectorManager" daemon [_thread_in_native, id=10308, stack(0x000000309a000000,0x000000309a100000)]
  0x0000021d7f3e4c00 JavaThread "File Watcher" daemon [_thread_blocked, id=9232, stack(0x000000309a200000,0x000000309a300000)]
  0x0000021d7c2824d0 JavaThread "Live Reload Server" daemon [_thread_in_native, id=14960, stack(0x000000309a400000,0x000000309a500000)]
  0x0000021d7c27e810 JavaThread "http-nio-8080-exec-1" daemon [_thread_blocked, id=2612, stack(0x000000309a300000,0x000000309a400000)]
  0x0000021d7c27cec0 JavaThread "http-nio-8080-exec-2" daemon [_thread_blocked, id=21380, stack(0x000000309a500000,0x000000309a600000)]
  0x0000021d7c282ef0 JavaThread "http-nio-8080-exec-3" daemon [_thread_blocked, id=10608, stack(0x000000309a600000,0x000000309a700000)]
  0x0000021d7c27bf90 JavaThread "http-nio-8080-exec-4" daemon [_thread_blocked, id=4236, stack(0x000000309a700000,0x000000309a800000)]
  0x0000021d7c280670 JavaThread "http-nio-8080-exec-5" daemon [_thread_blocked, id=3920, stack(0x000000309a800000,0x000000309a900000)]
  0x0000021d7c27f230 JavaThread "http-nio-8080-exec-6" daemon [_thread_blocked, id=19444, stack(0x000000309a900000,0x000000309aa00000)]
  0x0000021d7c280b80 JavaThread "http-nio-8080-exec-7" daemon [_thread_blocked, id=11580, stack(0x000000309aa00000,0x000000309ab00000)]
  0x0000021d7c27d8e0 JavaThread "http-nio-8080-exec-8" daemon [_thread_blocked, id=14532, stack(0x000000309ab00000,0x000000309ac00000)]
  0x0000021d7c27ddf0 JavaThread "http-nio-8080-exec-9" daemon [_thread_blocked, id=5848, stack(0x000000309ac00000,0x000000309ad00000)]
  0x0000021d7c2815a0 JavaThread "http-nio-8080-exec-10" daemon [_thread_blocked, id=16728, stack(0x000000309ad00000,0x000000309ae00000)]
  0x0000021d7c27e300 JavaThread "http-nio-8080-Poller" daemon [_thread_in_native, id=6892, stack(0x000000309ae00000,0x000000309af00000)]
  0x0000021d7c281090 JavaThread "http-nio-8080-Acceptor" daemon [_thread_in_native, id=8360, stack(0x000000309af00000,0x000000309b000000)]
  0x0000021d7c283400 JavaThread "scheduling-1" [_thread_blocked, id=3544, stack(0x000000309b000000,0x000000309b100000)]
  0x0000021d7c27ed20 JavaThread "DestroyJavaVM" [_thread_blocked, id=6168, stack(0x0000003097900000,0x0000003097a00000)]
  0x0000021d7c27f740 JavaThread "ForkJoinPool.commonPool-worker-1" daemon [_thread_blocked, id=7968, stack(0x0000003098c00000,0x0000003098d00000)]
  0x0000021d7c27fc50 JavaThread "reactor-http-nio-1" daemon [_thread_in_native, id=16564, stack(0x0000003098e00000,0x0000003098f00000)]
  0x0000021d7c280160 JavaThread "reactor-http-nio-2" daemon [_thread_in_native, id=18840, stack(0x0000003099e00000,0x0000003099f00000)]
  0x0000021d7c281fc0 JavaThread "reactor-http-nio-3" daemon [_thread_in_native, id=4240, stack(0x0000003099f00000,0x000000309a000000)]
  0x0000021d7c2829e0 JavaThread "reactor-http-nio-4" daemon [_thread_in_native, id=18424, stack(0x000000309b100000,0x000000309b200000)]
  0x0000021d7c283910 JavaThread "reactor-http-nio-5" daemon [_thread_in_native, id=17496, stack(0x000000309b200000,0x000000309b300000)]
  0x0000021d7c27c4a0 JavaThread "reactor-http-nio-6" daemon [_thread_in_native, id=4960, stack(0x000000309b300000,0x000000309b400000)]
  0x0000021d7c27c9b0 JavaThread "reactor-http-nio-7" daemon [_thread_in_native, id=1268, stack(0x000000309b400000,0x000000309b500000)]
  0x0000021d7c27d3d0 JavaThread "reactor-http-nio-8" daemon [_thread_in_native, id=12144, stack(0x000000309b500000,0x000000309b600000)]
  0x0000021d7f3e5110 JavaThread "Thread-15" daemon [_thread_in_native, id=13912, stack(0x000000309b600000,0x000000309b700000)]
  0x0000021d7f3e32b0 JavaThread "pool-4-thread-1" [_thread_blocked, id=3308, stack(0x0000003098d00000,0x0000003098e00000)]
  0x0000021d35407a60 JavaThread "pool-4-thread-2" [_thread_blocked, id=13264, stack(0x000000309b700000,0x000000309b800000)]
  0x0000021d35408480 JavaThread "pool-4-thread-3" [_thread_blocked, id=21112, stack(0x000000309ba00000,0x000000309bb00000)]
  0x0000021d7c7113e0 JavaThread "ForkJoinPool.commonPool-worker-2" daemon [_thread_blocked, id=1680, stack(0x000000309bb00000,0x000000309bc00000)]
  0x0000021d7c7118f0 JavaThread "ForkJoinPool.commonPool-worker-3" daemon [_thread_blocked, id=13128, stack(0x0000003097700000,0x0000003097800000)]
  0x0000021d7c712310 JavaThread "ForkJoinPool.commonPool-worker-4" daemon [_thread_blocked, id=7832, stack(0x0000003097800000,0x0000003097900000)]
  0x0000021d7c712820 JavaThread "ForkJoinPool.commonPool-worker-5" daemon [_thread_blocked, id=14672, stack(0x000000309bc00000,0x000000309bd00000)]
  0x0000021d7c7169f0 JavaThread "ForkJoinPool.commonPool-worker-6" daemon [_thread_blocked, id=1324, stack(0x000000309bd00000,0x000000309be00000)]
  0x0000021d7c712d30 JavaThread "ForkJoinPool.commonPool-worker-7" daemon [_thread_blocked, id=14148, stack(0x000000309c300000,0x000000309c400000)]

Other Threads:
=>0x0000021d352813e0 VMThread "VM Thread" [stack: 0x0000003097f00000,0x0000003098000000] [id=656]
  0x0000021d354c91d0 WatcherThread [stack: 0x0000003098a00000,0x0000003098b00000] [id=16504]
  0x0000021d121de990 GCTaskThread "GC Thread#0" [stack: 0x0000003097a00000,0x0000003097b00000] [id=6656]
  0x0000021d35ec5d40 GCTaskThread "GC Thread#1" [stack: 0x0000003098f00000,0x0000003099000000] [id=21392]
  0x0000021d35be9a90 GCTaskThread "GC Thread#2" [stack: 0x0000003099000000,0x0000003099100000] [id=18040]
  0x0000021d35bea560 GCTaskThread "GC Thread#3" [stack: 0x0000003099100000,0x0000003099200000] [id=5580]
  0x0000021d35beb040 GCTaskThread "GC Thread#4" [stack: 0x0000003099200000,0x0000003099300000] [id=4084]
  0x0000021d35beb710 GCTaskThread "GC Thread#5" [stack: 0x0000003099300000,0x0000003099400000] [id=18528]
  0x0000021d7b820400 GCTaskThread "GC Thread#6" [stack: 0x0000003099600000,0x0000003099700000] [id=11500]
  0x0000021d7b2eedb0 GCTaskThread "GC Thread#7" [stack: 0x0000003099700000,0x0000003099800000] [id=20768]
  0x0000021d121ef870 ConcurrentGCThread "G1 Main Marker" [stack: 0x0000003097b00000,0x0000003097c00000] [id=8068]
  0x0000021d121f0a30 ConcurrentGCThread "G1 Conc#0" [stack: 0x0000003097c00000,0x0000003097d00000] [id=13244]
  0x0000021d7ba5f6b0 ConcurrentGCThread "G1 Conc#1" [stack: 0x0000003099400000,0x0000003099500000] [id=17340]
  0x0000021d3513ce10 ConcurrentGCThread "G1 Refine#0" [stack: 0x0000003097d00000,0x0000003097e00000] [id=1348]
  0x0000021d7c0d1520 ConcurrentGCThread "G1 Refine#1" [stack: 0x000000309a100000,0x000000309a200000] [id=4396]
  0x0000021d01f99fe0 ConcurrentGCThread "G1 Refine#2" [stack: 0x000000309be00000,0x000000309bf00000] [id=18804]
  0x0000021d01f9b760 ConcurrentGCThread "G1 Refine#3" [stack: 0x000000309bf00000,0x000000309c000000] [id=3796]
  0x0000021d01f9b180 ConcurrentGCThread "G1 Refine#4" [stack: 0x0000003097600000,0x0000003097700000] [id=8096]
  0x0000021d01f9ba50 ConcurrentGCThread "G1 Refine#5" [stack: 0x000000309c000000,0x000000309c100000] [id=6376]
  0x0000021d01f9a8b0 ConcurrentGCThread "G1 Refine#6" [stack: 0x000000309c100000,0x000000309c200000] [id=15132]
  0x0000021d01f9cbf0 ConcurrentGCThread "G1 Refine#7" [stack: 0x000000309c200000,0x000000309c300000] [id=7912]
  0x0000021d3513f960 ConcurrentGCThread "G1 Service" [stack: 0x0000003097e00000,0x0000003097f00000] [id=17388]

Threads with active compile tasks:

VM state: at safepoint (normal execution)

VM Mutex/Monitor currently owned by a thread:  ([mutex/lock_event])
[0x0000021d1216be90] Threads_lock - owner thread: 0x0000021d352813e0
[0x0000021d1216a0c0] Heap_lock - owner thread: 0x0000021d7c27f740

Heap address: 0x0000000700600000, size: 4090 MB, Compressed Oops mode: Zero based, Oop shift amount: 3

CDS archive(s) mapped at: [0x0000021d36000000-0x0000021d36bb0000-0x0000021d36bb0000), size 12255232, SharedBaseAddress: 0x0000021d36000000, ArchiveRelocationMode: 1.
Compressed class space mapped at: 0x0000021d37000000-0x0000021d77000000, reserved size: 1073741824
Narrow klass base: 0x0000021d36000000, Narrow klass shift: 0, Narrow klass range: 0x100000000

GC Precious Log:
 CPUs: 8 total, 8 available
 Memory: 16358M
 Large Page Support: Disabled
 NUMA Support: Disabled
 Compressed Oops: Enabled (Zero based)
 Heap Region Size: 2M
 Heap Min Capacity: 8M
 Heap Initial Capacity: 256M
 Heap Max Capacity: 4090M
 Pre-touch: Disabled
 Parallel Workers: 8
 Concurrent Workers: 2
 Concurrent Refinement Workers: 8
 Periodic GC: Disabled

Heap:
 garbage-first heap   total 561152K, used 406303K [0x0000000700600000, 0x0000000800000000)
  region size 2048K, 4 young (8192K), 4 survivors (8192K)
 Metaspace       used 93065K, committed 93760K, reserved 1179648K
  class space    used 12242K, committed 12608K, reserved 1048576K

Heap Regions: E=young(eden), S=young(survivor), O=old, HS=humongous(starts), HC=humongous(continues), CS=collection set, F=free, OA=open archive, CA=closed archive, TAMS=top-at-mark-start (previous, next)
|   0|0x0000000700600000, 0x0000000700800000, 0x0000000700800000|100%| O|  |TAMS 0x0000000700800000, 0x0000000700800000| Untracked 
|   1|0x0000000700800000, 0x0000000700a00000, 0x0000000700a00000|100%| O|  |TAMS 0x0000000700a00000, 0x0000000700a00000| Untracked 
|   2|0x0000000700a00000, 0x0000000700c00000, 0x0000000700c00000|100%| O|  |TAMS 0x0000000700c00000, 0x0000000700c00000| Untracked 
|   3|0x0000000700c00000, 0x0000000700e00000, 0x0000000700e00000|100%| O|  |TAMS 0x0000000700e00000, 0x0000000700e00000| Untracked 
|   4|0x0000000700e00000, 0x0000000701000000, 0x0000000701000000|100%| O|  |TAMS 0x0000000701000000, 0x0000000701000000| Untracked 
|   5|0x0000000701000000, 0x0000000701200000, 0x0000000701200000|100%| O|  |TAMS 0x0000000701200000, 0x0000000701200000| Untracked 
|   6|0x0000000701200000, 0x0000000701400000, 0x0000000701400000|100%| O|  |TAMS 0x0000000701400000, 0x0000000701400000| Untracked 
|   7|0x0000000701400000, 0x0000000701600000, 0x0000000701600000|100%| O|  |TAMS 0x0000000701600000, 0x0000000701600000| Untracked 
|   8|0x0000000701600000, 0x0000000701800000, 0x0000000701800000|100%| O|  |TAMS 0x0000000701800000, 0x0000000701800000| Untracked 
|   9|0x0000000701800000, 0x0000000701a00000, 0x0000000701a00000|100%| O|  |TAMS 0x0000000701a00000, 0x0000000701a00000| Untracked 
|  10|0x0000000701a00000, 0x0000000701c00000, 0x0000000701c00000|100%| O|  |TAMS 0x0000000701c00000, 0x0000000701c00000| Untracked 
|  11|0x0000000701c00000, 0x0000000701dc7c00, 0x0000000701e00000| 89%| O|  |TAMS 0x0000000701dc7c00, 0x0000000701dc7c00| Untracked 
|  12|0x0000000701e00000, 0x0000000702000000, 0x0000000702000000|100%| O|  |TAMS 0x0000000702000000, 0x0000000702000000| Untracked 
|  13|0x0000000702000000, 0x0000000702200000, 0x0000000702200000|100%| O|  |TAMS 0x0000000702200000, 0x0000000702200000| Untracked 
|  14|0x0000000702200000, 0x0000000702400000, 0x0000000702400000|100%| O|  |TAMS 0x0000000702400000, 0x0000000702400000| Untracked 
|  15|0x0000000702400000, 0x0000000702600000, 0x0000000702600000|100%| O|  |TAMS 0x0000000702600000, 0x0000000702600000| Untracked 
|  16|0x0000000702600000, 0x0000000702800000, 0x0000000702800000|100%| O|  |TAMS 0x0000000702800000, 0x0000000702800000| Untracked 
|  17|0x0000000702800000, 0x0000000702a00000, 0x0000000702a00000|100%| O|  |TAMS 0x0000000702a00000, 0x0000000702a00000| Untracked 
|  18|0x0000000702a00000, 0x0000000702c00000, 0x0000000702c00000|100%| O|  |TAMS 0x0000000702c00000, 0x0000000702c00000| Untracked 
|  19|0x0000000702c00000, 0x0000000702e00000, 0x0000000702e00000|100%| O|  |TAMS 0x0000000702e00000, 0x0000000702e00000| Untracked 
|  20|0x0000000702e00000, 0x0000000703000000, 0x0000000703000000|100%| O|  |TAMS 0x0000000703000000, 0x0000000703000000| Untracked 
|  21|0x0000000703000000, 0x0000000703200000, 0x0000000703200000|100%| O|  |TAMS 0x0000000703200000, 0x0000000703200000| Untracked 
|  22|0x0000000703200000, 0x0000000703400000, 0x0000000703400000|100%| O|  |TAMS 0x0000000703400000, 0x0000000703400000| Untracked 
|  23|0x0000000703400000, 0x0000000703600000, 0x0000000703600000|100%| O|  |TAMS 0x0000000703600000, 0x0000000703600000| Untracked 
|  24|0x0000000703600000, 0x0000000703800000, 0x0000000703800000|100%| O|  |TAMS 0x0000000703800000, 0x0000000703800000| Untracked 
|  25|0x0000000703800000, 0x0000000703a00000, 0x0000000703a00000|100%| O|  |TAMS 0x0000000703800000, 0x0000000703a00000| Untracked 
|  26|0x0000000703a00000, 0x0000000703c00000, 0x0000000703c00000|100%| O|  |TAMS 0x0000000703a00000, 0x0000000703c00000| Untracked 
|  27|0x0000000703c00000, 0x0000000703e00000, 0x0000000703e00000|100%| O|  |TAMS 0x0000000703c00000, 0x0000000703e00000| Untracked 
|  28|0x0000000703e00000, 0x0000000704000000, 0x0000000704000000|100%| O|  |TAMS 0x0000000704000000, 0x0000000704000000| Untracked 
|  29|0x0000000704000000, 0x0000000704200000, 0x0000000704200000|100%| O|  |TAMS 0x0000000704200000, 0x0000000704200000| Untracked 
|  30|0x0000000704200000, 0x0000000704400000, 0x0000000704400000|100%| O|  |TAMS 0x0000000704200000, 0x0000000704400000| Untracked 
|  31|0x0000000704400000, 0x0000000704600000, 0x0000000704600000|100%| O|  |TAMS 0x0000000704600000, 0x0000000704600000| Untracked 
|  32|0x0000000704600000, 0x0000000704800000, 0x0000000704800000|100%| O|  |TAMS 0x0000000704600000, 0x0000000704800000| Untracked 
|  33|0x0000000704800000, 0x0000000704a00000, 0x0000000704a00000|100%| O|  |TAMS 0x0000000704800000, 0x0000000704a00000| Untracked 
|  34|0x0000000704a00000, 0x0000000704c00000, 0x0000000704c00000|100%| O|  |TAMS 0x0000000704a00000, 0x0000000704c00000| Untracked 
|  35|0x0000000704c00000, 0x0000000704e00000, 0x0000000704e00000|100%|HS|  |TAMS 0x0000000704c00000, 0x0000000704e00000| Complete 
|  36|0x0000000704e00000, 0x0000000705000000, 0x0000000705000000|100%| O|  |TAMS 0x0000000704e00000, 0x0000000705000000| Untracked 
|  37|0x0000000705000000, 0x0000000705200000, 0x0000000705200000|100%| O|  |TAMS 0x0000000705200000, 0x0000000705200000| Untracked 
|  38|0x0000000705200000, 0x0000000705400000, 0x0000000705400000|100%| O|  |TAMS 0x0000000705200000, 0x0000000705400000| Untracked 
|  39|0x0000000705400000, 0x0000000705600000, 0x0000000705600000|100%| O|  |TAMS 0x0000000705400000, 0x0000000705600000| Untracked 
|  40|0x0000000705600000, 0x0000000705800000, 0x0000000705800000|100%| O|  |TAMS 0x0000000705600000, 0x0000000705800000| Untracked 
|  41|0x0000000705800000, 0x0000000705a00000, 0x0000000705a00000|100%| O|  |TAMS 0x0000000705800000, 0x0000000705a00000| Untracked 
|  42|0x0000000705a00000, 0x0000000705c00000, 0x0000000705c00000|100%| O|  |TAMS 0x0000000705a00000, 0x0000000705c00000| Untracked 
|  43|0x0000000705c00000, 0x0000000705e00000, 0x0000000705e00000|100%| O|  |TAMS 0x0000000705c00000, 0x0000000705e00000| Untracked 
|  44|0x0000000705e00000, 0x0000000706000000, 0x0000000706000000|100%| O|  |TAMS 0x0000000705e00000, 0x0000000706000000| Untracked 
|  45|0x0000000706000000, 0x0000000706200000, 0x0000000706200000|100%| O|  |TAMS 0x0000000706000000, 0x0000000706200000| Untracked 
|  46|0x0000000706200000, 0x0000000706400000, 0x0000000706400000|100%| O|  |TAMS 0x0000000706200000, 0x0000000706400000| Untracked 
|  47|0x0000000706400000, 0x0000000706600000, 0x0000000706600000|100%| O|  |TAMS 0x0000000706400000, 0x0000000706600000| Untracked 
|  48|0x0000000706600000, 0x0000000706800000, 0x0000000706800000|100%| O|  |TAMS 0x0000000706600000, 0x0000000706800000| Untracked 
|  49|0x0000000706800000, 0x0000000706a00000, 0x0000000706a00000|100%| O|  |TAMS 0x0000000706800000, 0x0000000706a00000| Untracked 
|  50|0x0000000706a00000, 0x0000000706c00000, 0x0000000706c00000|100%| O|  |TAMS 0x0000000706a00000, 0x0000000706c00000| Untracked 
|  51|0x0000000706c00000, 0x0000000706e00000, 0x0000000706e00000|100%| O|  |TAMS 0x0000000706c00000, 0x0000000706e00000| Untracked 
|  52|0x0000000706e00000, 0x0000000707000000, 0x0000000707000000|100%| O|  |TAMS 0x0000000706e00000, 0x0000000707000000| Untracked 
|  53|0x0000000707000000, 0x0000000707200000, 0x0000000707200000|100%| O|  |TAMS 0x0000000707000000, 0x0000000707200000| Untracked 
|  54|0x0000000707200000, 0x0000000707400000, 0x0000000707400000|100%| O|  |TAMS 0x0000000707200000, 0x0000000707400000| Untracked 
|  55|0x0000000707400000, 0x0000000707600000, 0x0000000707600000|100%| O|  |TAMS 0x0000000707400000, 0x0000000707600000| Untracked 
|  56|0x0000000707600000, 0x0000000707800000, 0x0000000707800000|100%| O|  |TAMS 0x0000000707600000, 0x0000000707800000| Untracked 
|  57|0x0000000707800000, 0x0000000707a00000, 0x0000000707a00000|100%| O|  |TAMS 0x0000000707800000, 0x0000000707a00000| Untracked 
|  58|0x0000000707a00000, 0x0000000707c00000, 0x0000000707c00000|100%| O|  |TAMS 0x0000000707a00000, 0x0000000707c00000| Untracked 
|  59|0x0000000707c00000, 0x0000000707e00000, 0x0000000707e00000|100%| O|  |TAMS 0x0000000707c00000, 0x0000000707e00000| Untracked 
|  60|0x0000000707e00000, 0x0000000708000000, 0x0000000708000000|100%| O|  |TAMS 0x0000000707e00000, 0x0000000708000000| Untracked 
|  61|0x0000000708000000, 0x0000000708200000, 0x0000000708200000|100%| O|  |TAMS 0x0000000708000000, 0x0000000708200000| Untracked 
|  62|0x0000000708200000, 0x0000000708400000, 0x0000000708400000|100%| O|  |TAMS 0x0000000708200000, 0x0000000708400000| Untracked 
|  63|0x0000000708400000, 0x0000000708600000, 0x0000000708600000|100%| O|  |TAMS 0x0000000708400000, 0x0000000708600000| Untracked 
|  64|0x0000000708600000, 0x0000000708800000, 0x0000000708800000|100%| O|  |TAMS 0x0000000708600000, 0x0000000708800000| Untracked 
|  65|0x0000000708800000, 0x0000000708a00000, 0x0000000708a00000|100%| O|  |TAMS 0x0000000708800000, 0x0000000708a00000| Untracked 
|  66|0x0000000708a00000, 0x0000000708c00000, 0x0000000708c00000|100%| O|  |TAMS 0x0000000708a00000, 0x0000000708c00000| Untracked 
|  67|0x0000000708c00000, 0x0000000708e00000, 0x0000000708e00000|100%| O|  |TAMS 0x0000000708c00000, 0x0000000708e00000| Untracked 
|  68|0x0000000708e00000, 0x0000000709000000, 0x0000000709000000|100%|HS|  |TAMS 0x0000000708e00000, 0x0000000709000000| Complete 
|  69|0x0000000709000000, 0x0000000709200000, 0x0000000709200000|100%|HC|  |TAMS 0x0000000709000000, 0x0000000709200000| Complete 
|  70|0x0000000709200000, 0x0000000709400000, 0x0000000709400000|100%| O|  |TAMS 0x0000000709200000, 0x0000000709400000| Untracked 
|  71|0x0000000709400000, 0x0000000709600000, 0x0000000709600000|100%| O|  |TAMS 0x0000000709400000, 0x0000000709600000| Untracked 
|  72|0x0000000709600000, 0x0000000709800000, 0x0000000709800000|100%| O|  |TAMS 0x0000000709600000, 0x0000000709800000| Untracked 
|  73|0x0000000709800000, 0x0000000709a00000, 0x0000000709a00000|100%| O|  |TAMS 0x0000000709800000, 0x0000000709a00000| Untracked 
|  74|0x0000000709a00000, 0x0000000709c00000, 0x0000000709c00000|100%| O|  |TAMS 0x0000000709a00000, 0x0000000709c00000| Untracked 
|  75|0x0000000709c00000, 0x0000000709e00000, 0x0000000709e00000|100%| O|  |TAMS 0x0000000709c00000, 0x0000000709e00000| Untracked 
|  76|0x0000000709e00000, 0x000000070a000000, 0x000000070a000000|100%| O|  |TAMS 0x0000000709e00000, 0x000000070a000000| Untracked 
|  77|0x000000070a000000, 0x000000070a200000, 0x000000070a200000|100%| O|  |TAMS 0x000000070a200000, 0x000000070a200000| Untracked 
|  78|0x000000070a200000, 0x000000070a400000, 0x000000070a400000|100%| O|  |TAMS 0x000000070a200000, 0x000000070a400000| Untracked 
|  79|0x000000070a400000, 0x000000070a600000, 0x000000070a600000|100%| O|  |TAMS 0x000000070a400000, 0x000000070a600000| Untracked 
|  80|0x000000070a600000, 0x000000070a800000, 0x000000070a800000|100%| O|  |TAMS 0x000000070a600000, 0x000000070a800000| Untracked 
|  81|0x000000070a800000, 0x000000070aa00000, 0x000000070aa00000|100%| O|  |TAMS 0x000000070a800000, 0x000000070aa00000| Untracked 
|  82|0x000000070aa00000, 0x000000070ac00000, 0x000000070ac00000|100%| O|  |TAMS 0x000000070ac00000, 0x000000070ac00000| Untracked 
|  83|0x000000070ac00000, 0x000000070ae00000, 0x000000070ae00000|100%| O|  |TAMS 0x000000070ae00000, 0x000000070ae00000| Untracked 
|  84|0x000000070ae00000, 0x000000070b000000, 0x000000070b000000|100%| O|  |TAMS 0x000000070b000000, 0x000000070b000000| Untracked 
|  85|0x000000070b000000, 0x000000070b200000, 0x000000070b200000|100%| O|  |TAMS 0x000000070b200000, 0x000000070b200000| Untracked 
|  86|0x000000070b200000, 0x000000070b400000, 0x000000070b400000|100%| O|  |TAMS 0x000000070b200000, 0x000000070b400000| Untracked 
|  87|0x000000070b400000, 0x000000070b600000, 0x000000070b600000|100%| O|  |TAMS 0x000000070b400000, 0x000000070b600000| Untracked 
|  88|0x000000070b600000, 0x000000070b800000, 0x000000070b800000|100%| O|  |TAMS 0x000000070b600000, 0x000000070b800000| Untracked 
|  89|0x000000070b800000, 0x000000070ba00000, 0x000000070ba00000|100%| O|  |TAMS 0x000000070b800000, 0x000000070ba00000| Untracked 
|  90|0x000000070ba00000, 0x000000070bc00000, 0x000000070bc00000|100%| O|  |TAMS 0x000000070ba00000, 0x000000070bc00000| Untracked 
|  91|0x000000070bc00000, 0x000000070be00000, 0x000000070be00000|100%| O|  |TAMS 0x000000070be00000, 0x000000070be00000| Untracked 
|  92|0x000000070be00000, 0x000000070c000000, 0x000000070c000000|100%| O|  |TAMS 0x000000070c000000, 0x000000070c000000| Untracked 
|  93|0x000000070c000000, 0x000000070c200000, 0x000000070c200000|100%| O|  |TAMS 0x000000070c200000, 0x000000070c200000| Untracked 
|  94|0x000000070c200000, 0x000000070c400000, 0x000000070c400000|100%| O|  |TAMS 0x000000070c400000, 0x000000070c400000| Untracked 
|  95|0x000000070c400000, 0x000000070c600000, 0x000000070c600000|100%| O|  |TAMS 0x000000070c600000, 0x000000070c600000| Untracked 
|  96|0x000000070c600000, 0x000000070c800000, 0x000000070c800000|100%| O|  |TAMS 0x000000070c800000, 0x000000070c800000| Untracked 
|  97|0x000000070c800000, 0x000000070ca00000, 0x000000070ca00000|100%| O|  |TAMS 0x000000070ca00000, 0x000000070ca00000| Untracked 
|  98|0x000000070ca00000, 0x000000070cc00000, 0x000000070cc00000|100%| O|  |TAMS 0x000000070cc00000, 0x000000070cc00000| Untracked 
|  99|0x000000070cc00000, 0x000000070ce00000, 0x000000070ce00000|100%| O|  |TAMS 0x000000070ce00000, 0x000000070ce00000| Untracked 
| 100|0x000000070ce00000, 0x000000070d000000, 0x000000070d000000|100%| O|  |TAMS 0x000000070cffb800, 0x000000070d000000| Untracked 
| 101|0x000000070d000000, 0x000000070d200000, 0x000000070d200000|100%| O|  |TAMS 0x000000070d000000, 0x000000070d200000| Untracked 
| 102|0x000000070d200000, 0x000000070d400000, 0x000000070d400000|100%| O|  |TAMS 0x000000070d200000, 0x000000070d400000| Untracked 
| 103|0x000000070d400000, 0x000000070d600000, 0x000000070d600000|100%| O|  |TAMS 0x000000070d400000, 0x000000070d600000| Untracked 
| 104|0x000000070d600000, 0x000000070d800000, 0x000000070d800000|100%| O|  |TAMS 0x000000070d600000, 0x000000070d800000| Untracked 
| 105|0x000000070d800000, 0x000000070da00000, 0x000000070da00000|100%| O|  |TAMS 0x000000070d800000, 0x000000070da00000| Untracked 
| 106|0x000000070da00000, 0x000000070dc00000, 0x000000070dc00000|100%| O|  |TAMS 0x000000070da00000, 0x000000070dc00000| Untracked 
| 107|0x000000070dc00000, 0x000000070de00000, 0x000000070de00000|100%| O|  |TAMS 0x000000070dc00000, 0x000000070de00000| Untracked 
| 108|0x000000070de00000, 0x000000070e000000, 0x000000070e000000|100%| O|  |TAMS 0x000000070de00000, 0x000000070e000000| Untracked 
| 109|0x000000070e000000, 0x000000070e200000, 0x000000070e200000|100%| O|  |TAMS 0x000000070e000000, 0x000000070e200000| Untracked 
| 110|0x000000070e200000, 0x000000070e400000, 0x000000070e400000|100%| O|  |TAMS 0x000000070e200000, 0x000000070e400000| Untracked 
| 111|0x000000070e400000, 0x000000070e600000, 0x000000070e600000|100%| O|  |TAMS 0x000000070e400000, 0x000000070e600000| Untracked 
| 112|0x000000070e600000, 0x000000070e800000, 0x000000070e800000|100%| O|  |TAMS 0x000000070e600000, 0x000000070e800000| Untracked 
| 113|0x000000070e800000, 0x000000070ea00000, 0x000000070ea00000|100%| O|  |TAMS 0x000000070e800000, 0x000000070ea00000| Untracked 
| 114|0x000000070ea00000, 0x000000070ec00000, 0x000000070ec00000|100%| O|  |TAMS 0x000000070ea00000, 0x000000070ec00000| Untracked 
| 115|0x000000070ec00000, 0x000000070ee00000, 0x000000070ee00000|100%| O|  |TAMS 0x000000070ec00000, 0x000000070ee00000| Untracked 
| 116|0x000000070ee00000, 0x000000070f000000, 0x000000070f000000|100%| O|  |TAMS 0x000000070ee00000, 0x000000070f000000| Untracked 
| 117|0x000000070f000000, 0x000000070f200000, 0x000000070f200000|100%| O|  |TAMS 0x000000070f000000, 0x000000070f200000| Untracked 
| 118|0x000000070f200000, 0x000000070f400000, 0x000000070f400000|100%| O|  |TAMS 0x000000070f200000, 0x000000070f400000| Untracked 
| 119|0x000000070f400000, 0x000000070f600000, 0x000000070f600000|100%| O|  |TAMS 0x000000070f400000, 0x000000070f600000| Untracked 
| 120|0x000000070f600000, 0x000000070f800000, 0x000000070f800000|100%| O|  |TAMS 0x000000070f600000, 0x000000070f800000| Untracked 
| 121|0x000000070f800000, 0x000000070fa00000, 0x000000070fa00000|100%| O|  |TAMS 0x000000070f800000, 0x000000070fa00000| Untracked 
| 122|0x000000070fa00000, 0x000000070fc00000, 0x000000070fc00000|100%| O|  |TAMS 0x000000070fa00000, 0x000000070fc00000| Untracked 
| 123|0x000000070fc00000, 0x000000070fe00000, 0x000000070fe00000|100%| O|  |TAMS 0x000000070fc00000, 0x000000070fe00000| Untracked 
| 124|0x000000070fe00000, 0x0000000710000000, 0x0000000710000000|100%| O|  |TAMS 0x000000070fe00000, 0x0000000710000000| Untracked 
| 125|0x0000000710000000, 0x0000000710200000, 0x0000000710200000|100%| O|  |TAMS 0x0000000710000000, 0x0000000710200000| Untracked 
| 126|0x0000000710200000, 0x0000000710400000, 0x0000000710400000|100%| O|  |TAMS 0x0000000710200000, 0x0000000710400000| Untracked 
| 127|0x0000000710400000, 0x0000000710600000, 0x0000000710600000|100%| O|  |TAMS 0x0000000710400000, 0x0000000710600000| Untracked 
| 128|0x0000000710600000, 0x0000000710800000, 0x0000000710800000|100%| O|  |TAMS 0x0000000710600000, 0x0000000710800000| Untracked 
| 129|0x0000000710800000, 0x0000000710a00000, 0x0000000710a00000|100%| O|  |TAMS 0x0000000710800000, 0x0000000710a00000| Untracked 
| 130|0x0000000710a00000, 0x0000000710c00000, 0x0000000710c00000|100%| O|  |TAMS 0x0000000710a00000, 0x0000000710c00000| Untracked 
| 131|0x0000000710c00000, 0x0000000710e00000, 0x0000000710e00000|100%| O|  |TAMS 0x0000000710c00000, 0x0000000710e00000| Untracked 
| 132|0x0000000710e00000, 0x0000000711000000, 0x0000000711000000|100%| O|  |TAMS 0x0000000710e00000, 0x0000000711000000| Untracked 
| 133|0x0000000711000000, 0x0000000711200000, 0x0000000711200000|100%| O|  |TAMS 0x0000000711000000, 0x0000000711200000| Untracked 
| 134|0x0000000711200000, 0x0000000711400000, 0x0000000711400000|100%| O|  |TAMS 0x0000000711200000, 0x0000000711400000| Untracked 
| 135|0x0000000711400000, 0x0000000711600000, 0x0000000711600000|100%| O|  |TAMS 0x0000000711400000, 0x0000000711600000| Untracked 
| 136|0x0000000711600000, 0x0000000711800000, 0x0000000711800000|100%| O|  |TAMS 0x0000000711600000, 0x0000000711800000| Untracked 
| 137|0x0000000711800000, 0x0000000711a00000, 0x0000000711a00000|100%| O|  |TAMS 0x0000000711800000, 0x0000000711a00000| Untracked 
| 138|0x0000000711a00000, 0x0000000711c00000, 0x0000000711c00000|100%| O|  |TAMS 0x0000000711a00000, 0x0000000711c00000| Untracked 
| 139|0x0000000711c00000, 0x0000000711e00000, 0x0000000711e00000|100%| O|  |TAMS 0x0000000711c00000, 0x0000000711e00000| Untracked 
| 140|0x0000000711e00000, 0x0000000712000000, 0x0000000712000000|100%| O|  |TAMS 0x0000000711e00000, 0x0000000712000000| Untracked 
| 141|0x0000000712000000, 0x0000000712200000, 0x0000000712200000|100%| O|  |TAMS 0x0000000712000000, 0x0000000712200000| Untracked 
| 142|0x0000000712200000, 0x0000000712400000, 0x0000000712400000|100%| O|  |TAMS 0x0000000712200000, 0x0000000712400000| Untracked 
| 143|0x0000000712400000, 0x0000000712600000, 0x0000000712600000|100%| O|  |TAMS 0x0000000712400000, 0x0000000712600000| Untracked 
| 144|0x0000000712600000, 0x0000000712800000, 0x0000000712800000|100%| O|  |TAMS 0x0000000712600000, 0x0000000712800000| Untracked 
| 145|0x0000000712800000, 0x0000000712a00000, 0x0000000712a00000|100%| O|  |TAMS 0x0000000712800000, 0x0000000712a00000| Untracked 
| 146|0x0000000712a00000, 0x0000000712c00000, 0x0000000712c00000|100%| O|  |TAMS 0x0000000712a00000, 0x0000000712c00000| Untracked 
| 147|0x0000000712c00000, 0x0000000712e00000, 0x0000000712e00000|100%| O|  |TAMS 0x0000000712c00000, 0x0000000712e00000| Untracked 
| 148|0x0000000712e00000, 0x0000000713000000, 0x0000000713000000|100%| O|  |TAMS 0x0000000712e00000, 0x0000000713000000| Untracked 
| 149|0x0000000713000000, 0x0000000713200000, 0x0000000713200000|100%| O|  |TAMS 0x0000000713000000, 0x0000000713200000| Untracked 
| 150|0x0000000713200000, 0x0000000713400000, 0x0000000713400000|100%| O|  |TAMS 0x0000000713200000, 0x0000000713400000| Untracked 
| 151|0x0000000713400000, 0x0000000713600000, 0x0000000713600000|100%| O|  |TAMS 0x0000000713400000, 0x0000000713600000| Untracked 
| 152|0x0000000713600000, 0x0000000713800000, 0x0000000713800000|100%| O|  |TAMS 0x0000000713600000, 0x0000000713800000| Untracked 
| 153|0x0000000713800000, 0x0000000713a00000, 0x0000000713a00000|100%| O|  |TAMS 0x0000000713800000, 0x0000000713a00000| Untracked 
| 154|0x0000000713a00000, 0x0000000713c00000, 0x0000000713c00000|100%| O|  |TAMS 0x0000000713a00000, 0x0000000713c00000| Untracked 
| 155|0x0000000713c00000, 0x0000000713e00000, 0x0000000713e00000|100%| O|  |TAMS 0x0000000713c00000, 0x0000000713e00000| Untracked 
| 156|0x0000000713e00000, 0x0000000714000000, 0x0000000714000000|100%| O|  |TAMS 0x0000000713e00000, 0x0000000714000000| Untracked 
| 157|0x0000000714000000, 0x0000000714200000, 0x0000000714200000|100%| O|  |TAMS 0x0000000714000000, 0x0000000714200000| Untracked 
| 158|0x0000000714200000, 0x0000000714400000, 0x0000000714400000|100%| O|  |TAMS 0x0000000714200000, 0x0000000714400000| Untracked 
| 159|0x0000000714400000, 0x0000000714600000, 0x0000000714600000|100%| O|  |TAMS 0x0000000714400000, 0x0000000714600000| Untracked 
| 160|0x0000000714600000, 0x0000000714800000, 0x0000000714800000|100%| O|  |TAMS 0x0000000714600000, 0x0000000714800000| Untracked 
| 161|0x0000000714800000, 0x0000000714a00000, 0x0000000714a00000|100%| O|  |TAMS 0x0000000714800000, 0x0000000714a00000| Untracked 
| 162|0x0000000714a00000, 0x0000000714c00000, 0x0000000714c00000|100%| O|  |TAMS 0x0000000714a00000, 0x0000000714c00000| Untracked 
| 163|0x0000000714c00000, 0x0000000714e00000, 0x0000000714e00000|100%| O|  |TAMS 0x0000000714c00000, 0x0000000714e00000| Untracked 
| 164|0x0000000714e00000, 0x0000000715000000, 0x0000000715000000|100%| O|  |TAMS 0x0000000714e00000, 0x0000000715000000| Untracked 
| 165|0x0000000715000000, 0x0000000715200000, 0x0000000715200000|100%| O|  |TAMS 0x0000000715000000, 0x0000000715200000| Untracked 
| 166|0x0000000715200000, 0x0000000715400000, 0x0000000715400000|100%| O|  |TAMS 0x0000000715200000, 0x0000000715400000| Untracked 
| 167|0x0000000715400000, 0x0000000715600000, 0x0000000715600000|100%| O|  |TAMS 0x0000000715400000, 0x0000000715600000| Untracked 
| 168|0x0000000715600000, 0x0000000715800000, 0x0000000715800000|100%| O|  |TAMS 0x0000000715600000, 0x0000000715800000| Untracked 
| 169|0x0000000715800000, 0x0000000715a00000, 0x0000000715a00000|100%| O|  |TAMS 0x0000000715800000, 0x0000000715a00000| Untracked 
| 170|0x0000000715a00000, 0x0000000715c00000, 0x0000000715c00000|100%| O|  |TAMS 0x0000000715a00000, 0x0000000715c00000| Untracked 
| 171|0x0000000715c00000, 0x0000000715e00000, 0x0000000715e00000|100%| O|  |TAMS 0x0000000715c00000, 0x0000000715e00000| Untracked 
| 172|0x0000000715e00000, 0x0000000716000000, 0x0000000716000000|100%| O|  |TAMS 0x0000000715e00000, 0x0000000716000000| Untracked 
| 173|0x0000000716000000, 0x0000000716200000, 0x0000000716200000|100%| O|  |TAMS 0x0000000716000000, 0x0000000716200000| Untracked 
| 174|0x0000000716200000, 0x0000000716400000, 0x0000000716400000|100%| O|  |TAMS 0x0000000716200000, 0x0000000716400000| Untracked 
| 175|0x0000000716400000, 0x0000000716600000, 0x0000000716600000|100%| O|  |TAMS 0x0000000716400000, 0x0000000716600000| Untracked 
| 176|0x0000000716600000, 0x0000000716800000, 0x0000000716800000|100%| O|  |TAMS 0x0000000716600000, 0x00000007167fea00| Untracked 
| 177|0x0000000716800000, 0x0000000716a00000, 0x0000000716a00000|100%| O|  |TAMS 0x0000000716800000, 0x0000000716800000| Untracked 
| 178|0x0000000716a00000, 0x0000000716c00000, 0x0000000716c00000|100%| O|  |TAMS 0x0000000716a00000, 0x0000000716a00000| Untracked 
| 179|0x0000000716c00000, 0x0000000716e00000, 0x0000000716e00000|100%| O|  |TAMS 0x0000000716c00000, 0x0000000716c00000| Untracked 
| 180|0x0000000716e00000, 0x0000000717000000, 0x0000000717000000|100%| O|  |TAMS 0x0000000716e00000, 0x0000000716e00000| Untracked 
| 181|0x0000000717000000, 0x0000000717200000, 0x0000000717200000|100%| O|  |TAMS 0x0000000717000000, 0x0000000717000000| Untracked 
| 182|0x0000000717200000, 0x0000000717400000, 0x0000000717400000|100%| O|  |TAMS 0x0000000717200000, 0x0000000717200000| Untracked 
| 183|0x0000000717400000, 0x0000000717600000, 0x0000000717600000|100%| O|  |TAMS 0x0000000717400000, 0x0000000717400000| Untracked 
| 184|0x0000000717600000, 0x0000000717800000, 0x0000000717800000|100%| O|  |TAMS 0x0000000717600000, 0x0000000717600000| Untracked 
| 185|0x0000000717800000, 0x0000000717a00000, 0x0000000717a00000|100%| O|  |TAMS 0x0000000717800000, 0x0000000717800000| Untracked 
| 186|0x0000000717a00000, 0x0000000717c00000, 0x0000000717c00000|100%| O|  |TAMS 0x0000000717a00000, 0x0000000717a00000| Untracked 
| 187|0x0000000717c00000, 0x0000000717e00000, 0x0000000717e00000|100%| O|  |TAMS 0x0000000717c00000, 0x0000000717c00000| Untracked 
| 188|0x0000000717e00000, 0x0000000718000000, 0x0000000718000000|100%| O|  |TAMS 0x0000000717e00000, 0x0000000717e00000| Untracked 
| 189|0x0000000718000000, 0x0000000718200000, 0x0000000718200000|100%| O|  |TAMS 0x0000000718000000, 0x0000000718000000| Untracked 
| 190|0x0000000718200000, 0x0000000718400000, 0x0000000718400000|100%| O|  |TAMS 0x0000000718200000, 0x0000000718200000| Untracked 
| 191|0x0000000718400000, 0x0000000718600000, 0x0000000718600000|100%| O|  |TAMS 0x0000000718400000, 0x0000000718400000| Untracked 
| 192|0x0000000718600000, 0x0000000718800000, 0x0000000718800000|100%| O|  |TAMS 0x0000000718600000, 0x0000000718600000| Untracked 
| 193|0x0000000718800000, 0x0000000718a00000, 0x0000000718a00000|100%| O|  |TAMS 0x0000000718800000, 0x0000000718800000| Untracked 
| 194|0x0000000718a00000, 0x0000000718b00000, 0x0000000718c00000| 50%| O|  |TAMS 0x0000000718a00000, 0x0000000718a00000| Untracked 
| 195|0x0000000718c00000, 0x0000000718c00000, 0x0000000718e00000|  0%| F|  |TAMS 0x0000000718c00000, 0x0000000718c00000| Untracked 
| 196|0x0000000718e00000, 0x0000000718e00000, 0x0000000719000000|  0%| F|  |TAMS 0x0000000718e00000, 0x0000000718e00000| Untracked 
| 197|0x0000000719000000, 0x0000000719000000, 0x0000000719200000|  0%| F|  |TAMS 0x0000000719000000, 0x0000000719000000| Untracked 
| 198|0x0000000719200000, 0x0000000719200000, 0x0000000719400000|  0%| F|  |TAMS 0x0000000719200000, 0x0000000719200000| Untracked 
| 199|0x0000000719400000, 0x0000000719400000, 0x0000000719600000|  0%| F|  |TAMS 0x0000000719400000, 0x0000000719400000| Untracked 
| 200|0x0000000719600000, 0x0000000719600000, 0x0000000719800000|  0%| F|  |TAMS 0x0000000719600000, 0x0000000719600000| Untracked 
| 201|0x0000000719800000, 0x0000000719800000, 0x0000000719a00000|  0%| F|  |TAMS 0x0000000719800000, 0x0000000719800000| Untracked 
| 202|0x0000000719a00000, 0x0000000719a00000, 0x0000000719c00000|  0%| F|  |TAMS 0x0000000719a00000, 0x0000000719a00000| Untracked 
| 203|0x0000000719c00000, 0x0000000719c00000, 0x0000000719e00000|  0%| F|  |TAMS 0x0000000719c00000, 0x0000000719c00000| Untracked 
| 204|0x0000000719e00000, 0x0000000719e00000, 0x000000071a000000|  0%| F|  |TAMS 0x0000000719e00000, 0x0000000719e00000| Untracked 
| 205|0x000000071a000000, 0x000000071a000000, 0x000000071a200000|  0%| F|  |TAMS 0x000000071a000000, 0x000000071a000000| Untracked 
| 206|0x000000071a200000, 0x000000071a200000, 0x000000071a400000|  0%| F|  |TAMS 0x000000071a200000, 0x000000071a200000| Untracked 
| 207|0x000000071a400000, 0x000000071a400000, 0x000000071a600000|  0%| F|  |TAMS 0x000000071a400000, 0x000000071a400000| Untracked 
| 208|0x000000071a600000, 0x000000071a600000, 0x000000071a800000|  0%| F|  |TAMS 0x000000071a600000, 0x000000071a600000| Untracked 
| 209|0x000000071a800000, 0x000000071a800000, 0x000000071aa00000|  0%| F|  |TAMS 0x000000071a800000, 0x000000071a800000| Untracked 
| 210|0x000000071aa00000, 0x000000071aa00000, 0x000000071ac00000|  0%| F|  |TAMS 0x000000071aa00000, 0x000000071aa00000| Untracked 
| 211|0x000000071ac00000, 0x000000071ac00000, 0x000000071ae00000|  0%| F|  |TAMS 0x000000071ac00000, 0x000000071ac00000| Untracked 
| 212|0x000000071ae00000, 0x000000071ae00000, 0x000000071b000000|  0%| F|  |TAMS 0x000000071ae00000, 0x000000071ae00000| Untracked 
| 213|0x000000071b000000, 0x000000071b000000, 0x000000071b200000|  0%| F|  |TAMS 0x000000071b000000, 0x000000071b000000| Untracked 
| 214|0x000000071b200000, 0x000000071b200000, 0x000000071b400000|  0%| F|  |TAMS 0x000000071b200000, 0x000000071b200000| Untracked 
| 215|0x000000071b400000, 0x000000071b400000, 0x000000071b600000|  0%| F|  |TAMS 0x000000071b400000, 0x000000071b400000| Untracked 
| 216|0x000000071b600000, 0x000000071b600000, 0x000000071b800000|  0%| F|  |TAMS 0x000000071b600000, 0x000000071b600000| Untracked 
| 217|0x000000071b800000, 0x000000071b800000, 0x000000071ba00000|  0%| F|  |TAMS 0x000000071b800000, 0x000000071b800000| Untracked 
| 218|0x000000071ba00000, 0x000000071ba00000, 0x000000071bc00000|  0%| F|  |TAMS 0x000000071ba00000, 0x000000071ba00000| Untracked 
| 219|0x000000071bc00000, 0x000000071bc00000, 0x000000071be00000|  0%| F|  |TAMS 0x000000071bc00000, 0x000000071bc00000| Untracked 
| 220|0x000000071be00000, 0x000000071be00000, 0x000000071c000000|  0%| F|  |TAMS 0x000000071be00000, 0x000000071be00000| Untracked 
| 221|0x000000071c000000, 0x000000071c000000, 0x000000071c200000|  0%| F|  |TAMS 0x000000071c000000, 0x000000071c000000| Untracked 
| 222|0x000000071c200000, 0x000000071c200000, 0x000000071c400000|  0%| F|  |TAMS 0x000000071c200000, 0x000000071c200000| Untracked 
| 223|0x000000071c400000, 0x000000071c400000, 0x000000071c600000|  0%| F|  |TAMS 0x000000071c400000, 0x000000071c400000| Untracked 
| 224|0x000000071c600000, 0x000000071c600000, 0x000000071c800000|  0%| F|  |TAMS 0x000000071c600000, 0x000000071c600000| Untracked 
| 225|0x000000071c800000, 0x000000071c800000, 0x000000071ca00000|  0%| F|  |TAMS 0x000000071c800000, 0x000000071c800000| Untracked 
| 226|0x000000071ca00000, 0x000000071ca00000, 0x000000071cc00000|  0%| F|  |TAMS 0x000000071ca00000, 0x000000071ca00000| Untracked 
| 227|0x000000071cc00000, 0x000000071cc00000, 0x000000071ce00000|  0%| F|  |TAMS 0x000000071cc00000, 0x000000071cc00000| Untracked 
| 228|0x000000071ce00000, 0x000000071ce00000, 0x000000071d000000|  0%| F|  |TAMS 0x000000071ce00000, 0x000000071ce00000| Untracked 
| 229|0x000000071d000000, 0x000000071d000000, 0x000000071d200000|  0%| F|  |TAMS 0x000000071d000000, 0x000000071d000000| Untracked 
| 230|0x000000071d200000, 0x000000071d200000, 0x000000071d400000|  0%| F|  |TAMS 0x000000071d200000, 0x000000071d200000| Untracked 
| 231|0x000000071d400000, 0x000000071d400000, 0x000000071d600000|  0%| F|  |TAMS 0x000000071d400000, 0x000000071d400000| Untracked 
| 232|0x000000071d600000, 0x000000071d600000, 0x000000071d800000|  0%| F|  |TAMS 0x000000071d600000, 0x000000071d600000| Untracked 
| 233|0x000000071d800000, 0x000000071d800000, 0x000000071da00000|  0%| F|  |TAMS 0x000000071d800000, 0x000000071d800000| Untracked 
| 234|0x000000071da00000, 0x000000071da00000, 0x000000071dc00000|  0%| F|  |TAMS 0x000000071da00000, 0x000000071da00000| Untracked 
| 235|0x000000071dc00000, 0x000000071dc00000, 0x000000071de00000|  0%| F|  |TAMS 0x000000071dc00000, 0x000000071dc00000| Untracked 
| 236|0x000000071de00000, 0x000000071de00000, 0x000000071e000000|  0%| F|  |TAMS 0x000000071de00000, 0x000000071de00000| Untracked 
| 237|0x000000071e000000, 0x000000071e000000, 0x000000071e200000|  0%| F|  |TAMS 0x000000071e000000, 0x000000071e000000| Untracked 
| 238|0x000000071e200000, 0x000000071e200000, 0x000000071e400000|  0%| F|  |TAMS 0x000000071e200000, 0x000000071e200000| Untracked 
| 239|0x000000071e400000, 0x000000071e400000, 0x000000071e600000|  0%| F|  |TAMS 0x000000071e400000, 0x000000071e400000| Untracked 
| 240|0x000000071e600000, 0x000000071e600000, 0x000000071e800000|  0%| F|  |TAMS 0x000000071e600000, 0x000000071e600000| Untracked 
| 241|0x000000071e800000, 0x000000071e800000, 0x000000071ea00000|  0%| F|  |TAMS 0x000000071e800000, 0x000000071e800000| Untracked 
| 242|0x000000071ea00000, 0x000000071ea00000, 0x000000071ec00000|  0%| F|  |TAMS 0x000000071ea00000, 0x000000071ea00000| Untracked 
| 243|0x000000071ec00000, 0x000000071ec00000, 0x000000071ee00000|  0%| F|  |TAMS 0x000000071ec00000, 0x000000071ec00000| Untracked 
| 244|0x000000071ee00000, 0x000000071ee00000, 0x000000071f000000|  0%| F|  |TAMS 0x000000071ee00000, 0x000000071ee00000| Untracked 
| 245|0x000000071f000000, 0x000000071f000000, 0x000000071f200000|  0%| F|  |TAMS 0x000000071f000000, 0x000000071f000000| Untracked 
| 246|0x000000071f200000, 0x000000071f200000, 0x000000071f400000|  0%| F|  |TAMS 0x000000071f200000, 0x000000071f200000| Untracked 
| 247|0x000000071f400000, 0x000000071f400000, 0x000000071f600000|  0%| F|  |TAMS 0x000000071f400000, 0x000000071f400000| Untracked 
| 248|0x000000071f600000, 0x000000071f600000, 0x000000071f800000|  0%| F|  |TAMS 0x000000071f600000, 0x000000071f600000| Untracked 
| 249|0x000000071f800000, 0x000000071f800000, 0x000000071fa00000|  0%| F|  |TAMS 0x000000071f800000, 0x000000071f800000| Untracked 
| 250|0x000000071fa00000, 0x000000071fa00000, 0x000000071fc00000|  0%| F|  |TAMS 0x000000071fa00000, 0x000000071fa00000| Untracked 
| 251|0x000000071fc00000, 0x000000071fc00000, 0x000000071fe00000|  0%| F|  |TAMS 0x000000071fc00000, 0x000000071fc00000| Untracked 
| 252|0x000000071fe00000, 0x000000071fe00000, 0x0000000720000000|  0%| F|  |TAMS 0x000000071fe00000, 0x000000071fe00000| Untracked 
| 253|0x0000000720000000, 0x0000000720000000, 0x0000000720200000|  0%| F|  |TAMS 0x0000000720000000, 0x0000000720000000| Untracked 
| 254|0x0000000720200000, 0x0000000720200000, 0x0000000720400000|  0%| F|  |TAMS 0x0000000720200000, 0x0000000720200000| Untracked 
| 255|0x0000000720400000, 0x0000000720600000, 0x0000000720600000|100%| S|CS|TAMS 0x0000000720400000, 0x0000000720400000| Complete 
| 256|0x0000000720600000, 0x0000000720800000, 0x0000000720800000|100%| S|CS|TAMS 0x0000000720600000, 0x0000000720600000| Complete 
| 257|0x0000000720800000, 0x0000000720a00000, 0x0000000720a00000|100%| S|CS|TAMS 0x0000000720800000, 0x0000000720800000| Complete 
| 258|0x0000000720a00000, 0x0000000720c00000, 0x0000000720c00000|100%| S|CS|TAMS 0x0000000720a00000, 0x0000000720a00000| Complete 
| 259|0x0000000720c00000, 0x0000000720c00000, 0x0000000720e00000|  0%| F|  |TAMS 0x0000000720c00000, 0x0000000720c00000| Untracked 
| 260|0x0000000720e00000, 0x0000000720e00000, 0x0000000721000000|  0%| F|  |TAMS 0x0000000720e00000, 0x0000000720e00000| Untracked 
| 261|0x0000000721000000, 0x0000000721000000, 0x0000000721200000|  0%| F|  |TAMS 0x0000000721000000, 0x0000000721000000| Untracked 
| 262|0x0000000721200000, 0x0000000721200000, 0x0000000721400000|  0%| F|  |TAMS 0x0000000721200000, 0x0000000721200000| Untracked 
| 263|0x0000000721400000, 0x0000000721400000, 0x0000000721600000|  0%| F|  |TAMS 0x0000000721400000, 0x0000000721400000| Untracked 
| 264|0x0000000721600000, 0x0000000721600000, 0x0000000721800000|  0%| F|  |TAMS 0x0000000721600000, 0x0000000721600000| Untracked 
| 265|0x0000000721800000, 0x0000000721800000, 0x0000000721a00000|  0%| F|  |TAMS 0x0000000721800000, 0x0000000721800000| Untracked 
| 266|0x0000000721a00000, 0x0000000721a00000, 0x0000000721c00000|  0%| F|  |TAMS 0x0000000721a00000, 0x0000000721a00000| Untracked 
| 267|0x0000000721c00000, 0x0000000721c00000, 0x0000000721e00000|  0%| F|  |TAMS 0x0000000721c00000, 0x0000000721c00000| Untracked 
| 268|0x0000000721e00000, 0x0000000721e00000, 0x0000000722000000|  0%| F|  |TAMS 0x0000000721e00000, 0x0000000721e00000| Untracked 
| 269|0x0000000722000000, 0x0000000722000000, 0x0000000722200000|  0%| F|  |TAMS 0x0000000722000000, 0x0000000722000000| Untracked 
| 270|0x0000000722200000, 0x0000000722200000, 0x0000000722400000|  0%| F|  |TAMS 0x0000000722200000, 0x0000000722200000| Untracked 
| 271|0x0000000722400000, 0x0000000722400000, 0x0000000722600000|  0%| F|  |TAMS 0x0000000722400000, 0x0000000722400000| Untracked 
| 272|0x0000000722600000, 0x0000000722600000, 0x0000000722800000|  0%| F|  |TAMS 0x0000000722600000, 0x0000000722600000| Untracked 
| 273|0x0000000722800000, 0x0000000722800000, 0x0000000722a00000|  0%| F|  |TAMS 0x0000000722800000, 0x0000000722800000| Untracked 

Card table byte_map: [0x0000021d29820000,0x0000021d2a020000] _byte_map_base: 0x0000021d2601d000

Marking Bits (Prev, Next): (CMBitMap*) 0x0000021d121defb0, (CMBitMap*) 0x0000021d121deff0
 Prev Bits: [0x0000021d2a820000, 0x0000021d2e808000)
 Next Bits: [0x0000021d2e810000, 0x0000021d327f8000)

Polling page: 0x0000021d100c0000

Metaspace:

Usage:
  Non-class:     78.93 MB used.
      Class:     11.96 MB used.
       Both:     90.88 MB used.

Virtual space:
  Non-class space:      128.00 MB reserved,      79.25 MB ( 62%) committed,  2 nodes.
      Class space:        1.00 GB reserved,      12.31 MB (  1%) committed,  1 nodes.
             Both:        1.12 GB reserved,      91.56 MB (  8%) committed. 

Chunk freelists:
   Non-Class:  604.00 KB
       Class:  3.67 MB
        Both:  4.26 MB

MaxMetaspaceSize: unlimited
CompressedClassSpaceSize: 1.00 GB
Initial GC threshold: 21.00 MB
Current GC threshold: 152.62 MB
CDS: on
MetaspaceReclaimPolicy: balanced
 - commit_granule_bytes: 65536.
 - commit_granule_words: 8192.
 - virtual_space_node_default_size: 8388608.
 - enlarge_chunks_in_place: 1.
 - new_chunks_are_fully_committed: 0.
 - uncommit_free_chunks: 1.
 - use_allocation_guard: 0.
 - handle_deallocations: 1.


Internal statistics:

num_allocs_failed_limit: 12.
num_arena_births: 1120.
num_arena_deaths: 84.
num_vsnodes_births: 3.
num_vsnodes_deaths: 0.
num_space_committed: 1465.
num_space_uncommitted: 0.
num_chunks_returned_to_freelist: 126.
num_chunks_taken_from_freelist: 4755.
num_chunk_merges: 30.
num_chunk_splits: 3286.
num_chunks_enlarged: 2456.
num_inconsistent_stats: 0.

CodeHeap 'non-profiled nmethods': size=120000Kb used=9861Kb max_used=10547Kb free=110138Kb
 bounds [0x0000021d217c0000, 0x0000021d22210000, 0x0000021d28cf0000]
CodeHeap 'profiled nmethods': size=120000Kb used=19444Kb max_used=21000Kb free=100555Kb
 bounds [0x0000021d19cf0000, 0x0000021d1b180000, 0x0000021d21220000]
CodeHeap 'non-nmethods': size=5760Kb used=1411Kb max_used=1488Kb free=4348Kb
 bounds [0x0000021d21220000, 0x0000021d21490000, 0x0000021d217c0000]
 total_blobs=12398 nmethods=11646 adapters=663
 compilation: enabled
              stopped_count=0, restarted_count=0
 full_count=0

Compilation events (20 events):
Event: 656.018 Thread 0x0000021d354041a0 nmethod 15126 0x0000021d1a18a390 code [0x0000021d1a18a560, 0x0000021d1a18a818]
Event: 656.018 Thread 0x0000021d354041a0 15127       3       org.hibernate.type.descriptor.java.BooleanJavaType::wrap (7 bytes)
Event: 656.018 Thread 0x0000021d354041a0 nmethod 15127 0x0000021d1ad43690 code [0x0000021d1ad43840, 0x0000021d1ad43988]
Event: 656.018 Thread 0x0000021d354041a0 15128       3       org.hibernate.type.descriptor.java.BooleanJavaType::wrap (96 bytes)
Event: 656.019 Thread 0x0000021d354041a0 nmethod 15128 0x0000021d19e11510 code [0x0000021d19e11820, 0x0000021d19e12ed8]
Event: 656.020 Thread 0x0000021d354041a0 15129       1       swgohManager.model.UnitDefinition::getIdUnit (5 bytes)
Event: 656.020 Thread 0x0000021d354041a0 nmethod 15129 0x0000021d21fcf990 code [0x0000021d21fcfb20, 0x0000021d21fcfbf8]
Event: 656.020 Thread 0x0000021d354041a0 15132       3       java.util.stream.Collectors$$Lambda$1401/0x0000021d378cbae0::accept (17 bytes)
Event: 656.020 Thread 0x0000021d354041a0 nmethod 15132 0x0000021d1ad8f310 code [0x0000021d1ad8f4c0, 0x0000021d1ad8f728]
Event: 656.020 Thread 0x0000021d354041a0 15130       1       swgohManager.model.UnitDefinition::getBaseId (5 bytes)
Event: 656.020 Thread 0x0000021d354041a0 nmethod 15130 0x0000021d21fcf690 code [0x0000021d21fcf820, 0x0000021d21fcf8f8]
Event: 656.020 Thread 0x0000021d354041a0 15131       3       swgohManager.service.LeaderboardModMoyService$$Lambda$1922/0x0000021d37bf8648::apply (8 bytes)
Event: 656.020 Thread 0x0000021d354041a0 nmethod 15131 0x0000021d1aa3c390 code [0x0000021d1aa3c540, 0x0000021d1aa3c808]
Event: 656.020 Thread 0x0000021d354041a0 15135   !   3       org.springframework.core.annotation.AnnotationUtils::invokeAnnotationMethod (38 bytes)
Event: 656.026 Thread 0x0000021d354041a0 nmethod 15135 0x0000021d1a1bb090 code [0x0000021d1a1bb440, 0x0000021d1a1bcd48]
Event: 656.026 Thread 0x0000021d354041a0 15133       3       java.util.stream.Collectors::lambda$uniqKeysMapAccumulator$1 (49 bytes)
Event: 656.026 Thread 0x0000021d354041a0 nmethod 15133 0x0000021d1ad4c990 code [0x0000021d1ad4cb80, 0x0000021d1ad4d0c8]
Event: 656.026 Thread 0x0000021d354041a0 15134       3       swgohManager.service.LeaderboardModMoyService$$Lambda$1923/0x0000021d37bf8880::apply (8 bytes)
Event: 656.027 Thread 0x0000021d354041a0 nmethod 15134 0x0000021d1ad3c290 code [0x0000021d1ad3c440, 0x0000021d1ad3c708]
Event: 656.142 Thread 0x0000021d353e1380 nmethod 15115 0x0000021d21f02210 code [0x0000021d21f025a0, 0x0000021d21f05f80]

GC Heap History (20 events):
Event: 655.149 GC heap after
{Heap after GC invocations=289 (full 0):
 garbage-first heap   total 266240K, used 187895K [0x0000000700600000, 0x0000000800000000)
  region size 2048K, 2 young (4096K), 2 survivors (4096K)
 Metaspace       used 92945K, committed 93632K, reserved 1179648K
  class space    used 12231K, committed 12608K, reserved 1048576K
}
Event: 655.871 GC heap before
{Heap before GC invocations=289 (full 0):
 garbage-first heap   total 266240K, used 228855K [0x0000000700600000, 0x0000000800000000)
  region size 2048K, 23 young (47104K), 2 survivors (4096K)
 Metaspace       used 92966K, committed 93696K, reserved 1179648K
  class space    used 12236K, committed 12608K, reserved 1048576K
}
Event: 655.880 GC heap after
{Heap after GC invocations=290 (full 0):
 garbage-first heap   total 266240K, used 206513K [0x0000000700600000, 0x0000000800000000)
  region size 2048K, 3 young (6144K), 3 survivors (6144K)
 Metaspace       used 92966K, committed 93696K, reserved 1179648K
  class space    used 12236K, committed 12608K, reserved 1048576K
}
Event: 655.918 GC heap before
{Heap before GC invocations=290 (full 0):
 garbage-first heap   total 266240K, used 220849K [0x0000000700600000, 0x0000000800000000)
  region size 2048K, 11 young (22528K), 3 survivors (6144K)
 Metaspace       used 92966K, committed 93696K, reserved 1179648K
  class space    used 12236K, committed 12608K, reserved 1048576K
}
Event: 655.926 GC heap after
{Heap after GC invocations=291 (full 0):
 garbage-first heap   total 266240K, used 217175K [0x0000000700600000, 0x0000000800000000)
  region size 2048K, 2 young (4096K), 2 survivors (4096K)
 Metaspace       used 92966K, committed 93696K, reserved 1179648K
  class space    used 12236K, committed 12608K, reserved 1048576K
}
Event: 655.946 GC heap before
{Heap before GC invocations=291 (full 0):
 garbage-first heap   total 266240K, used 223319K [0x0000000700600000, 0x0000000800000000)
  region size 2048K, 6 young (12288K), 2 survivors (4096K)
 Metaspace       used 92966K, committed 93696K, reserved 1179648K
  class space    used 12236K, committed 12608K, reserved 1048576K
}
Event: 655.951 GC heap after
{Heap after GC invocations=292 (full 0):
 garbage-first heap   total 266240K, used 222989K [0x0000000700600000, 0x0000000800000000)
  region size 2048K, 1 young (2048K), 1 survivors (2048K)
 Metaspace       used 92966K, committed 93696K, reserved 1179648K
  class space    used 12236K, committed 12608K, reserved 1048576K
}
Event: 656.021 GC heap before
{Heap before GC invocations=292 (full 0):
 garbage-first heap   total 266240K, used 233229K [0x0000000700600000, 0x0000000800000000)
  region size 2048K, 6 young (12288K), 1 survivors (2048K)
 Metaspace       used 93064K, committed 93760K, reserved 1179648K
  class space    used 12242K, committed 12608K, reserved 1048576K
}
Event: 656.026 GC heap after
{Heap after GC invocations=293 (full 0):
 garbage-first heap   total 266240K, used 227295K [0x0000000700600000, 0x0000000800000000)
  region size 2048K, 1 young (2048K), 1 survivors (2048K)
 Metaspace       used 93064K, committed 93760K, reserved 1179648K
  class space    used 12242K, committed 12608K, reserved 1048576K
}
Event: 656.126 GC heap before
{Heap before GC invocations=293 (full 0):
 garbage-first heap   total 280576K, used 165855K [0x0000000700600000, 0x0000000800000000)
  region size 2048K, 6 young (12288K), 1 survivors (2048K)
 Metaspace       used 93065K, committed 93760K, reserved 1179648K
  class space    used 12242K, committed 12608K, reserved 1048576K
}
Event: 656.135 GC heap after
{Heap after GC invocations=294 (full 0):
 garbage-first heap   total 561152K, used 164216K [0x0000000700600000, 0x0000000800000000)
  region size 2048K, 1 young (2048K), 1 survivors (2048K)
 Metaspace       used 93065K, committed 93760K, reserved 1179648K
  class space    used 12242K, committed 12608K, reserved 1048576K
}
Event: 657.074 GC heap before
{Heap before GC invocations=295 (full 0):
 garbage-first heap   total 561152K, used 319864K [0x0000000700600000, 0x0000000800000000)
  region size 2048K, 76 young (155648K), 1 survivors (2048K)
 Metaspace       used 93065K, committed 93760K, reserved 1179648K
  class space    used 12242K, committed 12608K, reserved 1048576K
}
Event: 657.125 GC heap after
{Heap after GC invocations=296 (full 0):
 garbage-first heap   total 561152K, used 317572K [0x0000000700600000, 0x0000000800000000)
  region size 2048K, 10 young (20480K), 10 survivors (20480K)
 Metaspace       used 93065K, committed 93760K, reserved 1179648K
  class space    used 12242K, committed 12608K, reserved 1048576K
}
Event: 657.158 GC heap before
{Heap before GC invocations=296 (full 0):
 garbage-first heap   total 561152K, used 323716K [0x0000000700600000, 0x0000000800000000)
  region size 2048K, 13 young (26624K), 10 survivors (20480K)
 Metaspace       used 93065K, committed 93760K, reserved 1179648K
  class space    used 12242K, committed 12608K, reserved 1048576K
}
Event: 657.169 GC heap after
{Heap after GC invocations=297 (full 0):
 garbage-first heap   total 561152K, used 269087K [0x0000000700600000, 0x0000000800000000)
  region size 2048K, 2 young (4096K), 2 survivors (4096K)
 Metaspace       used 93065K, committed 93760K, reserved 1179648K
  class space    used 12242K, committed 12608K, reserved 1048576K
}
Event: 657.328 GC heap before
{Heap before GC invocations=297 (full 0):
 garbage-first heap   total 561152K, used 291615K [0x0000000700600000, 0x0000000800000000)
  region size 2048K, 13 young (26624K), 2 survivors (4096K)
 Metaspace       used 93065K, committed 93760K, reserved 1179648K
  class space    used 12242K, committed 12608K, reserved 1048576K
}
Event: 657.339 GC heap after
{Heap after GC invocations=298 (full 0):
 garbage-first heap   total 561152K, used 292639K [0x0000000700600000, 0x0000000800000000)
  region size 2048K, 2 young (4096K), 2 survivors (4096K)
 Metaspace       used 93065K, committed 93760K, reserved 1179648K
  class space    used 12242K, committed 12608K, reserved 1048576K
}
Event: 657.762 GC heap before
{Heap before GC invocations=298 (full 0):
 garbage-first heap   total 561152K, used 370463K [0x0000000700600000, 0x0000000800000000)
  region size 2048K, 38 young (77824K), 2 survivors (4096K)
 Metaspace       used 93065K, committed 93760K, reserved 1179648K
  class space    used 12242K, committed 12608K, reserved 1048576K
}
Event: 657.791 GC heap after
{Heap after GC invocations=299 (full 0):
 garbage-first heap   total 561152K, used 372505K [0x0000000700600000, 0x0000000800000000)
  region size 2048K, 5 young (10240K), 5 survivors (10240K)
 Metaspace       used 93065K, committed 93760K, reserved 1179648K
  class space    used 12242K, committed 12608K, reserved 1048576K
}
Event: 657.960 GC heap before
{Heap before GC invocations=299 (full 0):
 garbage-first heap   total 561152K, used 401177K [0x0000000700600000, 0x0000000800000000)
  region size 2048K, 20 young (40960K), 5 survivors (10240K)
 Metaspace       used 93065K, committed 93760K, reserved 1179648K
  class space    used 12242K, committed 12608K, reserved 1048576K
}

Dll operation events (11 events):
Event: 0.007 Loaded shared library C:\Program Files\Eclipse Adoptium\jdk-17.0.20.8-hotspot\bin\java.dll
Event: 0.021 Loaded shared library C:\Program Files\Eclipse Adoptium\jdk-17.0.20.8-hotspot\bin\jsvml.dll
Event: 0.098 Loaded shared library C:\Program Files\Eclipse Adoptium\jdk-17.0.20.8-hotspot\bin\net.dll
Event: 0.100 Loaded shared library C:\Program Files\Eclipse Adoptium\jdk-17.0.20.8-hotspot\bin\nio.dll
Event: 0.103 Loaded shared library C:\Program Files\Eclipse Adoptium\jdk-17.0.20.8-hotspot\bin\zip.dll
Event: 0.210 Loaded shared library C:\Program Files\Eclipse Adoptium\jdk-17.0.20.8-hotspot\bin\jimage.dll
Event: 0.465 Loaded shared library C:\Program Files\Eclipse Adoptium\jdk-17.0.20.8-hotspot\bin\management.dll
Event: 0.467 Loaded shared library C:\Program Files\Eclipse Adoptium\jdk-17.0.20.8-hotspot\bin\management_ext.dll
Event: 1.493 Loaded shared library C:\Program Files\Eclipse Adoptium\jdk-17.0.20.8-hotspot\bin\sunmscapi.dll
Event: 4.621 Loaded shared library C:\Program Files\Eclipse Adoptium\jdk-17.0.20.8-hotspot\bin\verify.dll
Event: 4.883 Loaded shared library C:\Program Files\Eclipse Adoptium\jdk-17.0.20.8-hotspot\bin\extnet.dll

Deoptimization events (20 events):
Event: 655.739 Thread 0x0000021d7c27f740 DEOPT PACKING pc=0x0000021d21f7bac8 sp=0x0000003098cfb540
Event: 655.739 Thread 0x0000021d7c27f740 DEOPT UNPACKING pc=0x0000021d212769a3 sp=0x0000003098cfb4a8 mode 2
Event: 656.004 Thread 0x0000021d7c27f740 DEOPT PACKING pc=0x0000021d1a915fcb sp=0x0000003098cfbdb0
Event: 656.004 Thread 0x0000021d7c27f740 DEOPT UNPACKING pc=0x0000021d21277143 sp=0x0000003098cfb3e8 mode 0
Event: 656.005 Thread 0x0000021d7c27f740 Uncommon trap: trap_request=0xffffff8d fr.pc=0x0000021d21bcd638 relative=0x0000000000002938
Event: 656.005 Thread 0x0000021d7c27f740 Uncommon trap: reason=constraint action=reinterpret pc=0x0000021d21bcd638 method=org.postgresql.core.Parser.parseJdbcSql(Ljava/lang/String;ZZZZZ[Ljava/lang/String;)Ljava/util/List; @ 129 c2
Event: 656.005 Thread 0x0000021d7c27f740 DEOPT PACKING pc=0x0000021d21bcd638 sp=0x0000003098cfbf50
Event: 656.005 Thread 0x0000021d7c27f740 DEOPT UNPACKING pc=0x0000021d212769a3 sp=0x0000003098cfbef8 mode 2
Event: 656.005 Thread 0x0000021d7c27f740 Uncommon trap: trap_request=0xffffff45 fr.pc=0x0000021d21f62ea8 relative=0x0000000000000968
Event: 656.005 Thread 0x0000021d7c27f740 Uncommon trap: reason=unstable_if action=reinterpret pc=0x0000021d21f62ea8 method=java.io.BufferedOutputStream.write([BII)V @ 35 c2
Event: 656.005 Thread 0x0000021d7c27f740 DEOPT PACKING pc=0x0000021d21f62ea8 sp=0x0000003098cfc330
Event: 656.006 Thread 0x0000021d7c27f740 DEOPT UNPACKING pc=0x0000021d212769a3 sp=0x0000003098cfc168 mode 2
Event: 656.006 Thread 0x0000021d7c27f740 Uncommon trap: trap_request=0xffffff45 fr.pc=0x0000021d21fd5820 relative=0x0000000000005600
Event: 656.006 Thread 0x0000021d7c27f740 Uncommon trap: reason=unstable_if action=reinterpret pc=0x0000021d21fd5820 method=java.io.BufferedOutputStream.write([BII)V @ 35 c2
Event: 656.006 Thread 0x0000021d7c27f740 DEOPT PACKING pc=0x0000021d21fd5820 sp=0x0000003098cfc3a0
Event: 656.006 Thread 0x0000021d7c27f740 DEOPT UNPACKING pc=0x0000021d212769a3 sp=0x0000003098cfc1f8 mode 2
Event: 656.015 Thread 0x0000021d7c27f740 Uncommon trap: trap_request=0xffffff45 fr.pc=0x0000021d21f874c4 relative=0x0000000000003f04
Event: 656.015 Thread 0x0000021d7c27f740 Uncommon trap: reason=unstable_if action=reinterpret pc=0x0000021d21f874c4 method=org.hibernate.persister.entity.AbstractEntityPersister.uniqueKeyEntries()Ljava/lang/Iterable; @ 4 c2
Event: 656.015 Thread 0x0000021d7c27f740 DEOPT PACKING pc=0x0000021d21f874c4 sp=0x0000003098cfc730
Event: 656.015 Thread 0x0000021d7c27f740 DEOPT UNPACKING pc=0x0000021d212769a3 sp=0x0000003098cfc630 mode 2

Classes loaded (20 events):
Event: 38.293 Loading class java/util/concurrent/CompletableFuture$AsyncSupply
Event: 38.294 Loading class java/util/concurrent/CompletableFuture$AsyncSupply done
Event: 38.295 Loading class java/util/concurrent/CompletableFuture$Signaller
Event: 38.295 Loading class java/util/concurrent/CompletableFuture$Signaller done
Event: 246.067 Loading class jdk/internal/misc/ScopedMemoryAccess$Scope$Handle
Event: 246.067 Loading class jdk/internal/misc/ScopedMemoryAccess$Scope$Handle done
Event: 633.509 Loading class java/util/stream/ReferencePipeline$4
Event: 633.510 Loading class java/util/stream/ReferencePipeline$4 done
Event: 633.510 Loading class java/util/function/IntBinaryOperator
Event: 633.510 Loading class java/util/function/IntBinaryOperator done
Event: 633.510 Loading class java/util/stream/ReduceOps$7
Event: 633.510 Loading class java/util/stream/ReduceOps$7 done
Event: 633.510 Loading class java/util/stream/ReduceOps$6ReducingSink
Event: 633.510 Loading class java/util/stream/ReduceOps$6ReducingSink done
Event: 633.510 Loading class java/util/stream/ReferencePipeline$4$1
Event: 633.510 Loading class java/util/stream/ReferencePipeline$4$1 done
Event: 633.532 Loading class java/lang/Throwable$WrappedPrintWriter
Event: 633.532 Loading class java/lang/Throwable$PrintStreamOrWriter
Event: 633.532 Loading class java/lang/Throwable$PrintStreamOrWriter done
Event: 633.532 Loading class java/lang/Throwable$WrappedPrintWriter done

Classes unloaded (20 events):
Event: 41.523 Thread 0x0000021d352813e0 Unloading class 0x0000021d37a3d400 'jdk/internal/reflect/GeneratedSerializationConstructorAccessor19'
Event: 41.523 Thread 0x0000021d352813e0 Unloading class 0x0000021d37a3d000 'jdk/internal/reflect/GeneratedSerializationConstructorAccessor18'
Event: 41.523 Thread 0x0000021d352813e0 Unloading class 0x0000021d37a3cc00 'jdk/internal/reflect/GeneratedSerializationConstructorAccessor17'
Event: 41.523 Thread 0x0000021d352813e0 Unloading class 0x0000021d37a3c800 'jdk/internal/reflect/GeneratedSerializationConstructorAccessor16'
Event: 41.523 Thread 0x0000021d352813e0 Unloading class 0x0000021d37a31400 'jdk/internal/reflect/GeneratedSerializationConstructorAccessor15'
Event: 41.523 Thread 0x0000021d352813e0 Unloading class 0x0000021d37a31000 'jdk/internal/reflect/GeneratedSerializationConstructorAccessor14'
Event: 41.523 Thread 0x0000021d352813e0 Unloading class 0x0000021d37a30c00 'jdk/internal/reflect/GeneratedSerializationConstructorAccessor13'
Event: 41.523 Thread 0x0000021d352813e0 Unloading class 0x0000021d37a30800 'jdk/internal/reflect/GeneratedSerializationConstructorAccessor12'
Event: 41.523 Thread 0x0000021d352813e0 Unloading class 0x0000021d37a30400 'jdk/internal/reflect/GeneratedSerializationConstructorAccessor11'
Event: 41.523 Thread 0x0000021d352813e0 Unloading class 0x0000021d37a30000 'jdk/internal/reflect/GeneratedSerializationConstructorAccessor10'
Event: 41.523 Thread 0x0000021d352813e0 Unloading class 0x0000021d37a25800 'jdk/internal/reflect/GeneratedSerializationConstructorAccessor9'
Event: 41.523 Thread 0x0000021d352813e0 Unloading class 0x0000021d37a25400 'jdk/internal/reflect/GeneratedSerializationConstructorAccessor8'
Event: 41.523 Thread 0x0000021d352813e0 Unloading class 0x0000021d37a24c00 'jdk/internal/reflect/GeneratedSerializationConstructorAccessor7'
Event: 41.523 Thread 0x0000021d352813e0 Unloading class 0x0000021d37a24800 'jdk/internal/reflect/GeneratedSerializationConstructorAccessor6'
Event: 41.523 Thread 0x0000021d352813e0 Unloading class 0x0000021d37a18800 'jdk/internal/reflect/GeneratedSerializationConstructorAccessor5'
Event: 41.523 Thread 0x0000021d352813e0 Unloading class 0x0000021d37a18400 'jdk/internal/reflect/GeneratedSerializationConstructorAccessor4'
Event: 41.523 Thread 0x0000021d352813e0 Unloading class 0x0000021d37a15400 'jdk/internal/reflect/GeneratedSerializationConstructorAccessor3'
Event: 41.523 Thread 0x0000021d352813e0 Unloading class 0x0000021d37944800 'jdk/internal/reflect/GeneratedSerializationConstructorAccessor2'
Event: 41.523 Thread 0x0000021d352813e0 Unloading class 0x0000021d37944000 'jdk/internal/reflect/GeneratedSerializationConstructorAccessor1'
Event: 45.893 Thread 0x0000021d352813e0 Unloading class 0x0000021d37c44800 'java/lang/invoke/LambdaForm$DMH+0x0000021d37c44800'

Classes redefined (0 events):
No events

Internal exceptions (20 events):
Event: 39.428 Thread 0x0000021d7f3e32b0 Exception <a 'java/lang/NoSuchMethodError'{0x0000000705bedf20}: 'void java.lang.invoke.DirectMethodHandle$Holder.invokeSpecialIFC(java.lang.Object, java.lang.Object, int, java.lang.Object, java.lang.Object, java.lang.Object, java.lang.Object)'> (0x0000000705bedf20) 
thrown [s\src\hotspot\share\interpreter\linkResolver.cpp, line 759]
Event: 39.543 Thread 0x0000021d7f3e32b0 Exception <a 'java/lang/IncompatibleClassChangeError'{0x000000070567f600}: Found class java.lang.Object, but interface was expected> (0x000000070567f600) 
thrown [s\src\hotspot\share\interpreter\linkResolver.cpp, line 826]
Event: 43.630 Thread 0x0000021d7f3e5620 Implicit null exception at 0x0000021d21df4e56 to 0x0000021d21df507a
Event: 46.955 Thread 0x0000021d35408480 Exception <a 'java/lang/NoSuchMethodError'{0x0000000708feb1e0}: 'int java.lang.invoke.DirectMethodHandle$Holder.invokeStatic(java.lang.Object, java.lang.Object, int, int)'> (0x0000000708feb1e0) 
thrown [s\src\hotspot\share\interpreter\linkResolver.cpp, line 759]
Event: 58.093 Thread 0x0000021d35408480 Implicit null exception at 0x0000021d21c56b13 to 0x0000021d21c5b5e0
Event: 59.522 Thread 0x0000021d35408480 Implicit null exception at 0x0000021d21ceef5d to 0x0000021d21cf3620
Event: 59.748 Thread 0x0000021d35408480 Implicit null exception at 0x0000021d21f2821c to 0x0000021d21f28cbc
Event: 59.749 Thread 0x0000021d35408480 Implicit null exception at 0x0000021d21f0115f to 0x0000021d21f04448
Event: 62.788 Thread 0x0000021d7c283910 Implicit null exception at 0x0000021d21ed0903 to 0x0000021d21ed0b28
Event: 62.796 Thread 0x0000021d7f3e32b0 Implicit null exception at 0x0000021d21e46820 to 0x0000021d21e4b0ac
Event: 62.903 Thread 0x0000021d7f3e32b0 Implicit null exception at 0x0000021d21f0ca3e to 0x0000021d21f0f508
Event: 63.781 Thread 0x0000021d35407a60 Implicit null exception at 0x0000021d21a33de1 to 0x0000021d21a37668
Event: 63.950 Thread 0x0000021d35407a60 Implicit null exception at 0x0000021d21f13fd3 to 0x0000021d21f167f8
Event: 380.132 Thread 0x0000021d7f3e32b0 Implicit null exception at 0x0000021d2198633c to 0x0000021d21986c74
Event: 380.132 Thread 0x0000021d7f3e32b0 Implicit null exception at 0x0000021d220253f7 to 0x0000021d22028104
Event: 380.133 Thread 0x0000021d7f3e32b0 Implicit null exception at 0x0000021d2202fe03 to 0x0000021d220355e4
Event: 633.517 Thread 0x0000021d7c280b80 Exception <a 'java/lang/reflect/InvocationTargetException'{0x000000070f1af8e0}> (0x000000070f1af8e0) 
thrown [s\src\hotspot\share\runtime\reflection.cpp, line 1128]
Event: 633.543 Thread 0x0000021d7c280b80 Exception <a 'java/io/IOException'{0x000000070ee98d10}> (0x000000070ee98d10) 
thrown [s\src\hotspot\share\prims\jni.cpp, line 516]
Event: 655.737 Thread 0x0000021d7c27f740 Exception <a 'java/lang/NoSuchMethodError'{0x000000070ff5ccb8}: 'java.lang.Object java.lang.invoke.DirectMethodHandle$Holder.invokeInterface(java.lang.Object, java.lang.Object, java.lang.Object, java.lang.Object)'> (0x000000070ff5ccb8) 
thrown [s\src\hotspot\share\interpreter\linkResolver.cpp, line 759]
Event: 656.015 Thread 0x0000021d7c27f740 Implicit null exception at 0x0000021d21f8438b to 0x0000021d21f87490

VM Operations (20 events):
Event: 655.951 Executing VM operation: G1CollectForAllocation done
Event: 656.021 Executing VM operation: G1CollectForAllocation
Event: 656.026 Executing VM operation: G1CollectForAllocation done
Event: 656.107 Executing VM operation: G1PauseRemark
Event: 656.113 Executing VM operation: G1PauseRemark done
Event: 656.126 Executing VM operation: G1CollectForAllocation
Event: 656.135 Executing VM operation: G1CollectForAllocation done
Event: 656.142 Executing VM operation: HandshakeAllThreads
Event: 656.142 Executing VM operation: HandshakeAllThreads done
Event: 656.167 Executing VM operation: G1PauseCleanup
Event: 656.167 Executing VM operation: G1PauseCleanup done
Event: 657.074 Executing VM operation: G1CollectForAllocation
Event: 657.125 Executing VM operation: G1CollectForAllocation done
Event: 657.158 Executing VM operation: G1CollectForAllocation
Event: 657.169 Executing VM operation: G1CollectForAllocation done
Event: 657.328 Executing VM operation: G1CollectForAllocation
Event: 657.339 Executing VM operation: G1CollectForAllocation done
Event: 657.762 Executing VM operation: G1CollectForAllocation
Event: 657.791 Executing VM operation: G1CollectForAllocation done
Event: 657.960 Executing VM operation: G1TryInitiateConcMark

Memory protections (0 events):
No events

Nmethod flushes (20 events):
Event: 656.160 Thread 0x0000021d35407f70 flushing  nmethod 0x0000021d1af98690
Event: 656.160 Thread 0x0000021d35407f70 flushing  nmethod 0x0000021d1afbba90
Event: 656.160 Thread 0x0000021d35407f70 flushing  nmethod 0x0000021d1afbde90
Event: 656.160 Thread 0x0000021d35407f70 flushing  nmethod 0x0000021d1afd3c10
Event: 656.160 Thread 0x0000021d35407f70 flushing  nmethod 0x0000021d1afd6090
Event: 656.160 Thread 0x0000021d35407f70 flushing  nmethod 0x0000021d1afd8990
Event: 656.160 Thread 0x0000021d35407f70 flushing  nmethod 0x0000021d1afdaf10
Event: 656.160 Thread 0x0000021d35407f70 flushing  nmethod 0x0000021d1afdb790
Event: 656.160 Thread 0x0000021d35407f70 flushing  nmethod 0x0000021d1afe6e10
Event: 656.160 Thread 0x0000021d35407f70 flushing  nmethod 0x0000021d1afebc90
Event: 656.160 Thread 0x0000021d35407f70 flushing  nmethod 0x0000021d1aff3d90
Event: 656.160 Thread 0x0000021d35407f70 flushing  nmethod 0x0000021d1aff8710
Event: 656.160 Thread 0x0000021d35407f70 flushing  nmethod 0x0000021d1b004b90
Event: 656.160 Thread 0x0000021d35407f70 flushing  nmethod 0x0000021d1b009090
Event: 656.160 Thread 0x0000021d35407f70 flushing  nmethod 0x0000021d1b00b990
Event: 656.160 Thread 0x0000021d35407f70 flushing  nmethod 0x0000021d1b015890
Event: 656.160 Thread 0x0000021d35407f70 flushing  nmethod 0x0000021d1b021690
Event: 656.160 Thread 0x0000021d35407f70 flushing  nmethod 0x0000021d1b03a910
Event: 656.160 Thread 0x0000021d35407f70 flushing  nmethod 0x0000021d1b04aa90
Event: 656.160 Thread 0x0000021d35407f70 flushing  nmethod 0x0000021d1b04be90

Events (20 events):
Event: 58.097 Thread 0x0000021d354041a0 Thread added: 0x0000021d7ba99380
Event: 58.500 Thread 0x0000021d7ba99380 Thread exited: 0x0000021d7ba99380
Event: 59.347 Thread 0x0000021d7ba99e20 Thread exited: 0x0000021d7ba99e20
Event: 59.440 Thread 0x0000021d354041a0 Thread added: 0x0000021d7ba99380
Event: 59.517 Thread 0x0000021d7ba99380 Thread added: 0x0000021d7ba99e20
Event: 59.913 Thread 0x0000021d7ba99e20 Thread exited: 0x0000021d7ba99e20
Event: 60.446 Thread 0x0000021d7ba99380 Thread exited: 0x0000021d7ba99380
Event: 62.284 Thread 0x0000021d7c27f740 Thread added: 0x0000021d7c7118f0
Event: 62.368 Thread 0x0000021d7c27f740 Thread added: 0x0000021d7c712310
Event: 63.935 Thread 0x0000021d353e1380 Thread added: 0x0000021d7ba99380
Event: 64.504 Thread 0x0000021d7ba99380 Thread exited: 0x0000021d7ba99380
Event: 66.223 Thread 0x0000021d353e1380 Thread added: 0x0000021d7ba98390
Event: 67.125 Thread 0x0000021d7ba98390 Thread exited: 0x0000021d7ba98390
Event: 78.451 Thread 0x0000021d7c27f740 Thread added: 0x0000021d7c712820
Event: 81.747 Thread 0x0000021d7c27f740 Thread added: 0x0000021d7c7169f0
Event: 82.700 Thread 0x0000021d7c27f740 Thread added: 0x0000021d7c712d30
Event: 101.555 Thread 0x0000021d353e1380 Thread added: 0x0000021d7ba98390
Event: 102.069 Thread 0x0000021d7ba98390 Thread exited: 0x0000021d7ba98390
Event: 142.441 Thread 0x0000021d353e1380 Thread added: 0x0000021d7ba99380
Event: 142.659 Thread 0x0000021d7ba99380 Thread exited: 0x0000021d7ba99380


Dynamic libraries:
0x00007ff6dd4f0000 - 0x00007ff6dd4fe000 	C:\Program Files\Eclipse Adoptium\jdk-17.0.20.8-hotspot\bin\javaw.exe
0x00007ffef2ed0000 - 0x00007ffef30c8000 	C:\WINDOWS\SYSTEM32\ntdll.dll
0x00007ffef2d90000 - 0x00007ffef2e52000 	C:\WINDOWS\System32\KERNEL32.DLL
0x00007ffef0bc0000 - 0x00007ffef0eb6000 	C:\WINDOWS\System32\KERNELBASE.dll
0x00007ffef0ac0000 - 0x00007ffef0bc0000 	C:\WINDOWS\System32\ucrtbase.dll
0x00007ffec4a00000 - 0x00007ffec4a18000 	C:\Program Files\Eclipse Adoptium\jdk-17.0.20.8-hotspot\bin\jli.dll
0x00007ffec4a20000 - 0x00007ffec4a3e000 	C:\Program Files\Eclipse Adoptium\jdk-17.0.20.8-hotspot\bin\VCRUNTIME140.dll
0x00007ffef1dd0000 - 0x00007ffef1f71000 	C:\WINDOWS\System32\USER32.dll
0x00007ffef0ec0000 - 0x00007ffef0ee2000 	C:\WINDOWS\System32\win32u.dll
0x00007ffee3bb0000 - 0x00007ffee3e4b000 	C:\WINDOWS\WinSxS\amd64_microsoft.windows.common-controls_6595b64144ccf1df_6.0.19041.6456_none_60b8a6cb71f64256\COMCTL32.dll
0x00007ffef2e60000 - 0x00007ffef2e8b000 	C:\WINDOWS\System32\GDI32.dll
0x00007ffef2290000 - 0x00007ffef232e000 	C:\WINDOWS\System32\msvcrt.dll
0x00007ffef0850000 - 0x00007ffef0969000 	C:\WINDOWS\System32\gdi32full.dll
0x00007ffef0a20000 - 0x00007ffef0abd000 	C:\WINDOWS\System32\msvcp_win.dll
0x00007ffef2260000 - 0x00007ffef228f000 	C:\WINDOWS\System32\IMM32.DLL
0x00007ffeddc00000 - 0x00007ffeddc0c000 	C:\Program Files\Eclipse Adoptium\jdk-17.0.20.8-hotspot\bin\vcruntime140_1.dll
0x00007ffe98950000 - 0x00007ffe989dd000 	C:\Program Files\Eclipse Adoptium\jdk-17.0.20.8-hotspot\bin\msvcp140.dll
0x00007ffe4e3e0000 - 0x00007ffe4f04c000 	C:\Program Files\Eclipse Adoptium\jdk-17.0.20.8-hotspot\bin\server\jvm.dll
0x00007ffef0fb0000 - 0x00007ffef1061000 	C:\WINDOWS\System32\ADVAPI32.dll
0x00007ffef13d0000 - 0x00007ffef146f000 	C:\WINDOWS\System32\sechost.dll
0x00007ffef2c70000 - 0x00007ffef2d90000 	C:\WINDOWS\System32\RPCRT4.dll
0x00007ffef0970000 - 0x00007ffef0997000 	C:\WINDOWS\System32\bcrypt.dll
0x00007ffef2b30000 - 0x00007ffef2b9b000 	C:\WINDOWS\System32\WS2_32.dll
0x00007ffeefab0000 - 0x00007ffeefafb000 	C:\WINDOWS\SYSTEM32\POWRPROF.dll
0x00007ffedd7e0000 - 0x00007ffedd807000 	C:\WINDOWS\SYSTEM32\WINMM.dll
0x00007ffee6200000 - 0x00007ffee620a000 	C:\WINDOWS\SYSTEM32\VERSION.dll
0x00007ffeef920000 - 0x00007ffeef932000 	C:\WINDOWS\SYSTEM32\UMPDC.dll
0x00007ffeee3a0000 - 0x00007ffeee3b2000 	C:\WINDOWS\SYSTEM32\kernel.appcore.dll
0x00007ffecce70000 - 0x00007ffecce7a000 	C:\Program Files\Eclipse Adoptium\jdk-17.0.20.8-hotspot\bin\jimage.dll
0x00007ffee1990000 - 0x00007ffee1b91000 	C:\WINDOWS\SYSTEM32\DBGHELP.DLL
0x00007ffed0d90000 - 0x00007ffed0dc4000 	C:\WINDOWS\SYSTEM32\dbgcore.DLL
0x00007ffef0660000 - 0x00007ffef06e2000 	C:\WINDOWS\System32\bcryptPrimitives.dll
0x00007ffec14a0000 - 0x00007ffec14c5000 	C:\Program Files\Eclipse Adoptium\jdk-17.0.20.8-hotspot\bin\java.dll
0x00007ffe80340000 - 0x00007ffe80417000 	C:\Program Files\Eclipse Adoptium\jdk-17.0.20.8-hotspot\bin\jsvml.dll
0x00007ffef15d0000 - 0x00007ffef1d40000 	C:\WINDOWS\System32\SHELL32.dll
0x00007ffeee5a0000 - 0x00007ffeeed45000 	C:\WINDOWS\SYSTEM32\windows.storage.dll
0x00007ffef1070000 - 0x00007ffef13c4000 	C:\WINDOWS\System32\combase.dll
0x00007ffeefeb0000 - 0x00007ffeefedb000 	C:\WINDOWS\SYSTEM32\Wldp.dll
0x00007ffef2ba0000 - 0x00007ffef2c6d000 	C:\WINDOWS\System32\OLEAUT32.dll
0x00007ffef2a80000 - 0x00007ffef2b2d000 	C:\WINDOWS\System32\SHCORE.dll
0x00007ffef0ef0000 - 0x00007ffef0f4b000 	C:\WINDOWS\System32\shlwapi.dll
0x00007ffef0490000 - 0x00007ffef04b4000 	C:\WINDOWS\SYSTEM32\profapi.dll
0x00007ffec1480000 - 0x00007ffec149a000 	C:\Program Files\Eclipse Adoptium\jdk-17.0.20.8-hotspot\bin\net.dll
0x00007ffeea8d0000 - 0x00007ffeea9da000 	C:\WINDOWS\SYSTEM32\WINHTTP.dll
0x00007ffeefc90000 - 0x00007ffeefcfa000 	C:\WINDOWS\system32\mswsock.dll
0x00007ffec1460000 - 0x00007ffec1476000 	C:\Program Files\Eclipse Adoptium\jdk-17.0.20.8-hotspot\bin\nio.dll
0x00007ffec0130000 - 0x00007ffec0148000 	C:\Program Files\Eclipse Adoptium\jdk-17.0.20.8-hotspot\bin\zip.dll
0x00007ffecb120000 - 0x00007ffecb12a000 	C:\Program Files\Eclipse Adoptium\jdk-17.0.20.8-hotspot\bin\management.dll
0x00007ffecafb0000 - 0x00007ffecafbc000 	C:\Program Files\Eclipse Adoptium\jdk-17.0.20.8-hotspot\bin\management_ext.dll
0x00007ffef1470000 - 0x00007ffef1478000 	C:\WINDOWS\System32\PSAPI.DLL
0x00007ffecaaf0000 - 0x00007ffecaafe000 	C:\Program Files\Eclipse Adoptium\jdk-17.0.20.8-hotspot\bin\sunmscapi.dll
0x00007ffef06f0000 - 0x00007ffef084d000 	C:\WINDOWS\System32\CRYPT32.dll
0x00007ffef0000000 - 0x00007ffef0027000 	C:\WINDOWS\SYSTEM32\ncrypt.dll
0x00007ffeeffc0000 - 0x00007ffeefffb000 	C:\WINDOWS\SYSTEM32\NTASN1.dll
0x00007ffeefef0000 - 0x00007ffeeff08000 	C:\WINDOWS\SYSTEM32\CRYPTSP.dll
0x00007ffeef560000 - 0x00007ffeef598000 	C:\WINDOWS\system32\rsaenh.dll
0x00007ffef0410000 - 0x00007ffef043e000 	C:\WINDOWS\SYSTEM32\USERENV.dll
0x00007ffeefe20000 - 0x00007ffeefe2c000 	C:\WINDOWS\SYSTEM32\CRYPTBASE.dll
0x00007ffeef940000 - 0x00007ffeef97b000 	C:\WINDOWS\SYSTEM32\IPHLPAPI.DLL
0x00007ffef1560000 - 0x00007ffef1568000 	C:\WINDOWS\System32\NSI.dll
0x00007ffeea610000 - 0x00007ffeea627000 	C:\WINDOWS\SYSTEM32\dhcpcsvc6.DLL
0x00007ffeea4a0000 - 0x00007ffeea4bd000 	C:\WINDOWS\SYSTEM32\dhcpcsvc.DLL
0x00007ffeef990000 - 0x00007ffeefa5a000 	C:\WINDOWS\SYSTEM32\DNSAPI.dll
0x00007ffeca260000 - 0x00007ffeca270000 	C:\Program Files\Eclipse Adoptium\jdk-17.0.20.8-hotspot\bin\verify.dll
0x00007ffee8290000 - 0x00007ffee829a000 	C:\Windows\System32\rasadhlp.dll
0x00007ffee8670000 - 0x00007ffee86f0000 	C:\WINDOWS\System32\fwpuclnt.dll
0x00007ffec5620000 - 0x00007ffec5629000 	C:\Program Files\Eclipse Adoptium\jdk-17.0.20.8-hotspot\bin\extnet.dll
0x00007ffed5860000 - 0x00007ffed5867000 	C:\WINDOWS\system32\wshunix.dll
0x00007ffec9fc0000 - 0x00007ffec9fd7000 	C:\WINDOWS\system32\napinsp.dll
0x00007ffec9fa0000 - 0x00007ffec9fbb000 	C:\WINDOWS\system32\pnrpnsp.dll
0x00007ffec9f80000 - 0x00007ffec9f9d000 	C:\WINDOWS\system32\wshbth.dll
0x00007ffeeb070000 - 0x00007ffeeb08d000 	C:\WINDOWS\system32\NLAapi.dll
0x00007ffec9f60000 - 0x00007ffec9f72000 	C:\WINDOWS\System32\winrnr.dll

dbghelp: loaded successfully - version: 4.0.5 - missing functions: none
symbol engine: initialized successfully - sym options: 0x614 - pdb path: .;C:\Program Files\Eclipse Adoptium\jdk-17.0.20.8-hotspot\bin;C:\WINDOWS\SYSTEM32;C:\WINDOWS\WinSxS\amd64_microsoft.windows.common-controls_6595b64144ccf1df_6.0.19041.6456_none_60b8a6cb71f64256;C:\Program Files\Eclipse Adoptium\jdk-17.0.20.8-hotspot\bin\server

VM Arguments:
jvm_args: -Dfile.encoding=UTF-8 -Dstdout.encoding=UTF-8 -Dstderr.encoding=UTF-8 -XX:+ShowCodeDetailsInExceptionMessages 
java_command: swgohManager.SwgohApplication
java_class_path (initial): C:\Users\Ben\git\SwgohManager\target\classes;C:\Users\Ben\.m2\repository\org\springframework\boot\spring-boot-starter-thymeleaf\3.2.4\spring-boot-starter-thymeleaf-3.2.4.jar;C:\Users\Ben\.m2\repository\org\springframework\boot\spring-boot-starter\3.2.4\spring-boot-starter-3.2.4.jar;C:\Users\Ben\.m2\repository\org\springframework\boot\spring-boot-starter-logging\3.2.4\spring-boot-starter-logging-3.2.4.jar;C:\Users\Ben\.m2\repository\ch\qos\logback\logback-classic\1.4.14\logback-classic-1.4.14.jar;C:\Users\Ben\.m2\repository\ch\qos\logback\logback-core\1.4.14\logback-core-1.4.14.jar;C:\Users\Ben\.m2\repository\org\apache\logging\log4j\log4j-to-slf4j\2.21.1\log4j-to-slf4j-2.21.1.jar;C:\Users\Ben\.m2\repository\org\apache\logging\log4j\log4j-api\2.21.1\log4j-api-2.21.1.jar;C:\Users\Ben\.m2\repository\org\slf4j\jul-to-slf4j\2.0.12\jul-to-slf4j-2.0.12.jar;C:\Users\Ben\.m2\repository\jakarta\annotation\jakarta.annotation-api\2.1.1\jakarta.annotation-api-2.1.1.jar;C:\Users\Ben\.m2\repository\org\yaml\snakeyaml\2.2\snakeyaml-2.2.jar;C:\Users\Ben\.m2\repository\org\thymeleaf\thymeleaf-spring6\3.1.2.RELEASE\thymeleaf-spring6-3.1.2.RELEASE.jar;C:\Users\Ben\.m2\repository\org\thymeleaf\thymeleaf\3.1.2.RELEASE\thymeleaf-3.1.2.RELEASE.jar;C:\Users\Ben\.m2\repository\org\attoparser\attoparser\2.0.7.RELEASE\attoparser-2.0.7.RELEASE.jar;C:\Users\Ben\.m2\repository\org\unbescape\unbescape\1.1.6.RELEASE\unbescape-1.1.6.RELEASE.jar;C:\Users\Ben\.m2\repository\org\slf4j\slf4j-api\2.0.12\slf4j-api-2.0.12.jar;C:\Users\Ben\.m2\repository\org\springframework\boot\spring-boot-starter-web\3.2.4\spring-boot-starter-web-3.2.4.jar;C:\Users\Ben\.m2\repository\org\springframework\boot\spring-boot-starter-json\3.2.4\spring-boot-starter-json-3.2.4.jar;C:\Users\Ben\.m2\repository\com\fasterxml\jackson\datatype\jackson-datatype-jdk8\2.15.4\jackson-datatype-jdk8-2.15.4.jar;C:\Users\Ben\.m2\repository\com\fasterxml\jackson\datatype\jackson-datatype-jsr310\2.15.4\jackson-datat
Launcher Type: SUN_STANDARD

[Global flags]
     intx CICompilerCount                          = 4                                         {product} {ergonomic}
     uint ConcGCThreads                            = 2                                         {product} {ergonomic}
     uint G1ConcRefinementThreads                  = 8                                         {product} {ergonomic}
   size_t G1HeapRegionSize                         = 2097152                                   {product} {ergonomic}
    uintx GCDrainStackTargetSize                   = 64                                        {product} {ergonomic}
   size_t InitialHeapSize                          = 268435456                                 {product} {ergonomic}
   size_t MarkStackSize                            = 4194304                                   {product} {ergonomic}
   size_t MaxHeapSize                              = 4288675840                                {product} {ergonomic}
   size_t MaxNewSize                               = 2573205504                                {product} {ergonomic}
   size_t MinHeapDeltaBytes                        = 2097152                                   {product} {ergonomic}
   size_t MinHeapSize                              = 8388608                                   {product} {ergonomic}
    uintx NonNMethodCodeHeapSize                   = 5839372                                {pd product} {ergonomic}
    uintx NonProfiledCodeHeapSize                  = 122909434                              {pd product} {ergonomic}
    uintx ProfiledCodeHeapSize                     = 122909434                              {pd product} {ergonomic}
    uintx ReservedCodeCacheSize                    = 251658240                              {pd product} {ergonomic}
     bool SegmentedCodeCache                       = true                                      {product} {ergonomic}
     bool ShowCodeDetailsInExceptionMessages       = true                                   {manageable} {command line}
   size_t SoftMaxHeapSize                          = 4288675840                             {manageable} {ergonomic}
     bool UseCompressedClassPointers               = true                           {product lp64_product} {ergonomic}
     bool UseCompressedOops                        = true                           {product lp64_product} {ergonomic}
     bool UseG1GC                                  = true                                      {product} {ergonomic}
     bool UseLargePagesIndividualAllocation        = false                                  {pd product} {ergonomic}

Logging:
Log output configuration:
 #0: stdout all=warning uptime,level,tags
 #1: stderr all=off uptime,level,tags

Environment Variables:
PATH=C:/Program Files/eclipse//plugins/org.eclipse.justj.openjdk.hotspot.jre.full.win32.x86_64_21.0.11.v20260515-1531/jre/bin/server;C:/Program Files/eclipse//plugins/org.eclipse.justj.openjdk.hotspot.jre.full.win32.x86_64_21.0.11.v20260515-1531/jre/bin;C:\Program Files\Eclipse Adoptium\jdk-17.0.20.8-hotspot\bin;C:\Program Files\Microsoft MPI\Bin\;C:\WINDOWS\system32;C:\WINDOWS;C:\WINDOWS\System32\Wbem;C:\WINDOWS\System32\WindowsPowerShell\v1.0\;C:\Program Files (x86)\Windows Live\Shared;C:\Program Files (x86)\NVIDIA Corporation\PhysX\Common;C:\adb;C:\Android;C:\Windows\System32;C:\WINDOWS\System32\OpenSSH\;C:\WINDOWS\system32;C:\WINDOWS;C:\WINDOWS\System32\Wbem;C:\WINDOWS\System32\WindowsPowerShell\v1.0\;C:\WINDOWS\System32\OpenSSH\;C:\Program Files\dotnet\;C:\Users\Ben\Documents\platform-tools;C:\Users\Ben\Desktop\platform-tools;C:\Program Files\Calibre2\;C:\Program Files\NVIDIA Corporation\NVIDIA app\NvDLISR;C:\Program Files (x86)\Microsoft SQL Server\160\Tools\Binn\;C:\Program Files\Microsoft SQL Server\160\Tools\Binn\;C:\Program Files\Microsoft SQL Server\Client SDK\ODBC\170\Tools\Binn\;C:\Program Files\Microsoft SQL Server\160\DTS\Binn\;C:\Program Files\PowerShell\7\;C:\Program Files\Docker\Docker\resources\bin;C:\Users\Ben\AppData\Local\Microsoft\WindowsApps;;C:\Program Files\eclipse;
USERNAME=Ben
OS=Windows_NT
PROCESSOR_IDENTIFIER=Intel64 Family 6 Model 42 Stepping 7, GenuineIntel
TMP=C:\Users\Ben\AppData\Local\Temp
TEMP=C:\Users\Ben\AppData\Local\Temp



Periodic native trim disabled


---------------  S Y S T E M  ---------------

OS:
 Windows 10 , 64 bit Build 19041 (10.0.19041.5915)
OS uptime: 0 days 6:39 hours
Hyper-V role detected

CPU: total 8 (initial active 8) (4 cores per cpu, 2 threads per core) family 6 model 42 stepping 7 microcode 0x2f, cx8, cmov, fxsr, ht, mmx, sse, sse2, sse3, ssse3, sse4.1, sse4.2, popcnt, tsc, tscinvbit, avx, aes, clmul, vzeroupper, clflush, hv
Processor Information for all 8 processors :
  Max Mhz: 3401, Current Mhz: 3401, Mhz Limit: 3401

Memory: 4k page, system-wide physical 16358M (2935M free)
TotalPageFile size 16358M (AvailPageFile size 410M)
current process WorkingSet (physical memory assigned to process): 876M, peak: 876M
current process commit charge ("private bytes"): 922M, peak: 1470M

vm_info: OpenJDK 64-Bit Server VM (17.0.20+8) for windows-amd64 JRE (17.0.20+8), built on Jul 22 2026 00:41:45 by "admin" with MS VC++ 17.12 (VS2022)

END.
